Archive member included to satisfy reference by file (symbol)

c:/st/stm32cubeide_1.10.1/stm32cubeide/plugins/com.st.stm32cube.ide.mcu.externaltools.gnu-tools-for-stm32.10.3-2021.10.win32_1.0.0.202111181127/tools/bin/../lib/gcc/arm-none-eabi/10.3.1/../../../../arm-none-eabi/lib/thumb/v7e-m+fp/hard\libc_nano.a(lib_a-errno.o)
                              ./Core/Src/syscalls.o (__errno)
c:/st/stm32cubeide_1.10.1/stm32cubeide/plugins/com.st.stm32cube.ide.mcu.externaltools.gnu-tools-for-stm32.10.3-2021.10.win32_1.0.0.202111181127/tools/bin/../lib/gcc/arm-none-eabi/10.3.1/../../../../arm-none-eabi/lib/thumb/v7e-m+fp/hard\libc_nano.a(lib_a-exit.o)
                              c:/st/stm32cubeide_1.10.1/stm32cubeide/plugins/com.st.stm32cube.ide.mcu.externaltools.gnu-tools-for-stm32.10.3-2021.10.win32_1.0.0.202111181127/tools/bin/../lib/gcc/arm-none-eabi/10.3.1/../../../../arm-none-eabi/lib/thumb/v7e-m+fp/hard/crt0.o (exit)
c:/st/stm32cubeide_1.10.1/stm32cubeide/plugins/com.st.stm32cube.ide.mcu.externaltools.gnu-tools-for-stm32.10.3-2021.10.win32_1.0.0.202111181127/tools/bin/../lib/gcc/arm-none-eabi/10.3.1/../../../../arm-none-eabi/lib/thumb/v7e-m+fp/hard\libc_nano.a(lib_a-impure.o)
                              c:/st/stm32cubeide_1.10.1/stm32cubeide/plugins/com.st.stm32cube.ide.mcu.externaltools.gnu-tools-for-stm32.10.3-2021.10.win32_1.0.0.202111181127/tools/bin/../lib/gcc/arm-none-eabi/10.3.1/../../../../arm-none-eabi/lib/thumb/v7e-m+fp/hard\libc_nano.a(lib_a-exit.o) (_global_impure_ptr)
c:/st/stm32cubeide_1.10.1/stm32cubeide/plugins/com.st.stm32cube.ide.mcu.externaltools.gnu-tools-for-stm32.10.3-2021.10.win32_1.0.0.202111181127/tools/bin/../lib/gcc/arm-none-eabi/10.3.1/../../../../arm-none-eabi/lib/thumb/v7e-m+fp/hard\libc_nano.a(lib_a-init.o)
                              c:/st/stm32cubeide_1.10.1/stm32cubeide/plugins/com.st.stm32cube.ide.mcu.externaltools.gnu-tools-for-stm32.10.3-2021.10.win32_1.0.0.202111181127/tools/bin/../lib/gcc/arm-none-eabi/10.3.1/../../../../arm-none-eabi/lib/thumb/v7e-m+fp/hard/crt0.o (__libc_init_array)
c:/st/stm32cubeide_1.10.1/stm32cubeide/plugins/com.st.stm32cube.ide.mcu.externaltools.gnu-tools-for-stm32.10.3-2021.10.win32_1.0.0.202111181127/tools/bin/../lib/gcc/arm-none-eabi/10.3.1/../../../../arm-none-eabi/lib/thumb/v7e-m+fp/hard\libc_nano.a(lib_a-memcpy-stub.o)
                              ./ThirdParty/FreeRTOS/queue.o (memcpy)
c:/st/stm32cubeide_1.10.1/stm32cubeide/plugins/com.st.stm32cube.ide.mcu.externaltools.gnu-tools-for-stm32.10.3-2021.10.win32_1.0.0.202111181127/tools/bin/../lib/gcc/arm-none-eabi/10.3.1/../../../../arm-none-eabi/lib/thumb/v7e-m+fp/hard\libc_nano.a(lib_a-memset.o)
                              c:/st/stm32cubeide_1.10.1/stm32cubeide/plugins/com.st.stm32cube.ide.mcu.externaltools.gnu-tools-for-stm32.10.3-2021.10.win32_1.0.0.202111181127/tools/bin/../lib/gcc/arm-none-eabi/10.3.1/../../../../arm-none-eabi/lib/thumb/v7e-m+fp/hard/crt0.o (memset)
c:/st/stm32cubeide_1.10.1/stm32cubeide/plugins/com.st.stm32cube.ide.mcu.externaltools.gnu-tools-for-stm32.10.3-2021.10.win32_1.0.0.202111181127/tools/bin/../lib/gcc/arm-none-eabi/10.3.1/thumb/v7e-m+fp/hard\libgcc.a(_aeabi_uldivmod.o)
                              ./Drivers/STM32F4xx_HAL_Driver/Src/stm32f4xx_hal_rcc.o (__aeabi_uldivmod)
c:/st/stm32cubeide_1.10.1/stm32cubeide/plugins/com.st.stm32cube.ide.mcu.externaltools.gnu-tools-for-stm32.10.3-2021.10.win32_1.0.0.202111181127/tools/bin/../lib/gcc/arm-none-eabi/10.3.1/thumb/v7e-m+fp/hard\libgcc.a(_udivmoddi4.o)
                              c:/st/stm32cubeide_1.10.1/stm32cubeide/plugins/com.st.stm32cube.ide.mcu.externaltools.gnu-tools-for-stm32.10.3-2021.10.win32_1.0.0.202111181127/tools/bin/../lib/gcc/arm-none-eabi/10.3.1/thumb/v7e-m+fp/hard\libgcc.a(_aeabi_uldivmod.o) (__udivmoddi4)
c:/st/stm32cubeide_1.10.1/stm32cubeide/plugins/com.st.stm32cube.ide.mcu.externaltools.gnu-tools-for-stm32.10.3-2021.10.win32_1.0.0.202111181127/tools/bin/../lib/gcc/arm-none-eabi/10.3.1/thumb/v7e-m+fp/hard\libgcc.a(_dvmd_tls.o)
                              c:/st/stm32cubeide_1.10.1/stm32cubeide/plugins/com.st.stm32cube.ide.mcu.externaltools.gnu-tools-for-stm32.10.3-2021.10.win32_1.0.0.202111181127/tools/bin/../lib/gcc/arm-none-eabi/10.3.1/thumb/v7e-m+fp/hard\libgcc.a(_aeabi_uldivmod.o) (__aeabi_ldiv0)

Discarded input sections

 .text          0x0000000000000000        0x0 c:/st/stm32cubeide_1.10.1/stm32cubeide/plugins/com.st.stm32cube.ide.mcu.externaltools.gnu-tools-for-stm32.10.3-2021.10.win32_1.0.0.202111181127/tools/bin/../lib/gcc/arm-none-eabi/10.3.1/thumb/v7e-m+fp/hard/crti.o
 .data          0x0000000000000000        0x0 c:/st/stm32cubeide_1.10.1/stm32cubeide/plugins/com.st.stm32cube.ide.mcu.externaltools.gnu-tools-for-stm32.10.3-2021.10.win32_1.0.0.202111181127/tools/bin/../lib/gcc/arm-none-eabi/10.3.1/thumb/v7e-m+fp/hard/crti.o
[...]
Memory Configuration

Name             Origin             Length             Attributes
CCMRAM           0x0000000010000000 0x0000000000010000 xrw
RAM              0x0000000020000000 0x0000000000020000 xrw
FLASH            0x0000000008000000 0x0000000000100000 xr
*default*        0x0000000000000000 0xffffffffffffffff

Linker script and memory map

LOAD c:/st/stm32cubeide_1.10.1/stm32cubeide/plugins/com.st.stm32cube.ide.mcu.externaltools.gnu-tools-for-stm32.10.3-2021.10.win32_1.0.0.202111181127/tools/bin/../lib/gcc/arm-none-eabi/10.3.1/thumb/v7e-m+fp/hard/crti.o
LOAD c:/st/stm32cubeide_1.10.1/stm32cubeide/plugins/com.st.stm32cube.ide.mcu.externaltools.gnu-tools-for-stm32.10.3-2021.10.win32_1.0.0.202111181127/tools/bin/../lib/gcc/arm-none-eabi/10.3.1/thumb/v7e-m+fp/hard/crtbegin.o
LOAD c:/st/stm32cubeide_1.10.1/stm32cubeide/plugins/com.st.stm32cube.ide.mcu.externaltools.gnu-tools-for-stm32.10.3-2021.10.win32_1.0.0.202111181127/tools/bin/../lib/gcc/arm-none-eabi/10.3.1/../../../../arm-none-eabi/lib/thumb/v7e-m+fp/hard/crt0.o
LOAD ./Core/Src/main.o
LOAD ./Core/Src/stm32f4xx_hal_msp.o
LOAD ./Core/Src/stm32f4xx_hal_timebase_tim.o
LOAD ./Core/Src/stm32f4xx_it.o
LOAD ./Core/Src/syscalls.o
LOAD ./Core/Src/system_stm32f4xx.o
LOAD ./Core/Startup/startup_stm32f407vgtx.o
LOAD ./Drivers/STM32F4xx_HAL_Driver/Src/stm32f4xx_hal.o
LOAD ./Drivers/STM32F4xx_HAL_Driver/Src/stm32f4xx_hal_cortex.o
LOAD ./Drivers/STM32F4xx_HAL_Driver/Src/stm32f4xx_hal_dma.o
LOAD ./Drivers/STM32F4xx_HAL_Driver/Src/stm32f4xx_hal_dma_ex.o
LOAD ./Drivers/STM32F4xx_HAL_Driver/Src/stm32f4xx_hal_exti.o
LOAD ./Drivers/STM32F4xx_HAL_Driver/Src/stm32f4xx_hal_flash.o
LOAD ./Drivers/STM32F4xx_HAL_Driver/Src/stm32f4xx_hal_flash_ex.o
LOAD ./Drivers/STM32F4xx_HAL_Driver/Src/stm32f4xx_hal_flash_ramfunc.o
LOAD ./Drivers/STM32F4xx_HAL_Driver/Src/stm32f4xx_hal_gpio.o
LOAD ./Drivers/STM32F4xx_HAL_Driver/Src/stm32f4xx_hal_pwr.o
LOAD ./Drivers/STM32F4xx_HAL_Driver/Src/stm32f4xx_hal_pwr_ex.o
LOAD ./Drivers/STM32F4xx_HAL_Driver/Src/stm32f4xx_hal_rcc.o
LOAD ./Drivers/STM32F4xx_HAL_Driver/Src/stm32f4xx_hal_rcc_ex.o
LOAD ./Drivers/STM32F4xx_HAL_Driver/Src/stm32f4xx_hal_tim.o
LOAD ./Drivers/STM32F4xx_HAL_Driver/Src/stm32f4xx_hal_tim_ex.o
LOAD ./Drivers/STM32F4xx_HAL_Driver/Src/stm32f4xx_hal_uart.o
LOAD ./ThirdParty/FreeRTOS/croutine.o
LOAD ./ThirdParty/FreeRTOS/event_groups.o
LOAD ./ThirdParty/FreeRTOS/list.o
LOAD ./ThirdParty/FreeRTOS/queue.o
LOAD ./ThirdParty/FreeRTOS/stream_buffer.o
LOAD ./ThirdParty/FreeRTOS/tasks.o
LOAD ./ThirdParty/FreeRTOS/timers.o
LOAD ./ThirdParty/FreeRTOS/portable/GCC/ARM_CM4F/port.o
LOAD ./ThirdParty/FreeRTOS/portable/MemMang/heap_4.o
START GROUP
LOAD c:/st/stm32cubeide_1.10.1/stm32cubeide/plugins/com.st.stm32cube.ide.mcu.externaltools.gnu-tools-for-stm32.10.3-2021.10.win32_1.0.0.202111181127/tools/bin/../lib/gcc/arm-none-eabi/10.3.1/../../../../arm-none-eabi/lib/thumb/v7e-m+fp/hard\libc_nano.a
LOAD c:/st/stm32cubeide_1.10.1/stm32cubeide/plugins/com.st.stm32cube.ide.mcu.externaltools.gnu-tools-for-stm32.10.3-2021.10.win32_1.0.0.202111181127/tools/bin/../lib/gcc/arm-none-eabi/10.3.1/../../../../arm-none-eabi/lib/thumb/v7e-m+fp/hard\libm.a
END GROUP
START GROUP
LOAD c:/st/stm32cubeide_1.10.1/stm32cubeide/plugins/com.st.stm32cube.ide.mcu.externaltools.gnu-tools-for-stm32.10.3-2021.10.win32_1.0.0.202111181127/tools/bin/../lib/gcc/arm-none-eabi/10.3.1/thumb/v7e-m+fp/hard\libgcc.a
LOAD c:/st/stm32cubeide_1.10.1/stm32cubeide/plugins/com.st.stm32cube.ide.mcu.externaltools.gnu-tools-for-stm32.10.3-2021.10.win32_1.0.0.202111181127/tools/bin/../lib/gcc/arm-none-eabi/10.3.1/../../../../arm-none-eabi/lib/thumb/v7e-m+fp/hard\libc_nano.a
END GROUP
START GROUP
LOAD c:/st/stm32cubeide_1.10.1/stm32cubeide/plugins/com.st.stm32cube.ide.mcu.externaltools.gnu-tools-for-stm32.10.3-2021.10.win32_1.0.0.202111181127/tools/bin/../lib/gcc/arm-none-eabi/10.3.1/thumb/v7e-m+fp/hard\libgcc.a
LOAD c:/st/stm32cubeide_1.10.1/stm32cubeide/plugins/com.st.stm32cube.ide.mcu.externaltools.gnu-tools-for-stm32.10.3-2021.10.win32_1.0.0.202111181127/tools/bin/../lib/gcc/arm-none-eabi/10.3.1/../../../../arm-none-eabi/lib/thumb/v7e-m+fp/hard\libc_nano.a
LOAD c:/st/stm32cubeide_1.10.1/stm32cubeide/plugins/com.st.stm32cube.ide.mcu.externaltools.gnu-tools-for-stm32.10.3-2021.10.win32_1.0.0.202111181127/tools/bin/../lib/gcc/arm-none-eabi/10.3.1/../../../../arm-none-eabi/lib/thumb/v7e-m+fp/hard\libnosys.a
END GROUP
START GROUP
LOAD c:/st/stm32cubeide_1.10.1/stm32cubeide/plugins/com.st.stm32cube.ide.mcu.externaltools.gnu-tools-for-stm32.10.3-2021.10.win32_1.0.0.202111181127/tools/bin/../lib/gcc/arm-none-eabi/10.3.1/thumb/v7e-m+fp/hard\libgcc.a
LOAD c:/st/stm32cubeide_1.10.1/stm32cubeide/plugins/com.st.stm32cube.ide.mcu.externaltools.gnu-tools-for-stm32.10.3-2021.10.win32_1.0.0.202111181127/tools/bin/../lib/gcc/arm-none-eabi/10.3.1/../../../../arm-none-eabi/lib/thumb/v7e-m+fp/hard\libc_nano.a
LOAD c:/st/stm32cubeide_1.10.1/stm32cubeide/plugins/com.st.stm32cube.ide.mcu.externaltools.gnu-tools-for-stm32.10.3-2021.10.win32_1.0.0.202111181127/tools/bin/../lib/gcc/arm-none-eabi/10.3.1/../../../../arm-none-eabi/lib/thumb/v7e-m+fp/hard\libnosys.a
END GROUP
LOAD c:/st/stm32cubeide_1.10.1/stm32cubeide/plugins/com.st.stm32cube.ide.mcu.externaltools.gnu-tools-for-stm32.10.3-2021.10.win32_1.0.0.202111181127/tools/bin/../lib/gcc/arm-none-eabi/10.3.1/thumb/v7e-m+fp/hard/crtend.o
LOAD c:/st/stm32cubeide_1.10.1/stm32cubeide/plugins/com.st.stm32cube.ide.mcu.externaltools.gnu-tools-for-stm32.10.3-2021.10.win32_1.0.0.202111181127/tools/bin/../lib/gcc/arm-none-eabi/10.3.1/thumb/v7e-m+fp/hard/crtn.o
                0x0000000020020000                _estack = (ORIGIN (RAM) + LENGTH (RAM))
                0x0000000000000200                _Min_Heap_Size = 0x200
                0x0000000000000400                _Min_Stack_Size = 0x400

.isr_vector     0x0000000008000000      0x188
                0x0000000008000000                . = ALIGN (0x4)
 *(.isr_vector)
 .isr_vector    0x0000000008000000      0x188 ./Core/Startup/startup_stm32f407vgtx.o
                0x0000000008000000                g_pfnVectors
                0x0000000008000188                . = ALIGN (0x4)

.text           0x0000000008000190     0x5724
                0x0000000008000190                . = ALIGN (0x4)
 *(.text)
 .text          0x0000000008000190       0x40 c:/st/stm32cubeide_1.10.1/stm32cubeide/plugins/com.st.stm32cube.ide.mcu.externaltools.gnu-tools-for-stm32.10.3-2021.10.win32_1.0.0.202111181127/tools/bin/../lib/gcc/arm-none-eabi/10.3.1/thumb/v7e-m+fp/hard/crtbegin.o
 .text          0x00000000080001d0       0x30 c:/st/stm32cubeide_1.10.1/stm32cubeide/plugins/com.st.stm32cube.ide.mcu.externaltools.gnu-tools-for-stm32.10.3-2021.10.win32_1.0.0.202111181127/tools/bin/../lib/gcc/arm-none-eabi/10.3.1/thumb/v7e-m+fp/hard\libgcc.a(_aeabi_uldivmod.o)
                0x00000000080001d0                __aeabi_uldivmod
 .text          0x0000000008000200      0x2d0 c:/st/stm32cubeide_1.10.1/stm32cubeide/plugins/com.st.stm32cube.ide.mcu.externaltools.gnu-tools-for-stm32.10.3-2021.10.win32_1.0.0.202111181127/tools/bin/../lib/gcc/arm-none-eabi/10.3.1/thumb/v7e-m+fp/hard\libgcc.a(_udivmoddi4.o)
                0x0000000008000200                __udivmoddi4
 .text          0x00000000080004d0        0x4 c:/st/stm32cubeide_1.10.1/stm32cubeide/plugins/com.st.stm32cube.ide.mcu.externaltools.gnu-tools-for-stm32.10.3-2021.10.win32_1.0.0.202111181127/tools/bin/../lib/gcc/arm-none-eabi/10.3.1/thumb/v7e-m+fp/hard\libgcc.a(_dvmd_tls.o)
                0x00000000080004d0                __aeabi_idiv0
                0x00000000080004d0                __aeabi_ldiv0
 *(.text*)
 .text.task1_handler
                0x00000000080004d4       0x20 ./Core/Src/main.o
 .text.task2_handler
                0x00000000080004f4       0x20 ./Core/Src/main.o
 .text.HAL_UART_RxCpltCallback
                0x0000000008000514       0x24 ./Core/Src/main.o
                0x0000000008000514                HAL_UART_RxCpltCallback
 .text.main     0x0000000008000538       0x80 ./Core/Src/main.o
                0x0000000008000538                main
 .text.SystemClock_Config
                0x00000000080005b8       0xd4 ./Core/Src/main.o
                0x00000000080005b8                SystemClock_Config
 .text.MX_USART2_UART_Init
                0x000000000800068c       0x54 ./Core/Src/main.o
 .text.MX_USART3_UART_Init
                0x00000000080006e0       0x54 ./Core/Src/main.o
 .text.MX_GPIO_Init
                0x0000000008000734      0x2bc ./Core/Src/main.o
 .text.HAL_TIM_PeriodElapsedCallback
                0x00000000080009f0       0x24 ./Core/Src/main.o
                0x00000000080009f0                HAL_TIM_PeriodElapsedCallback
 .text.Error_Handler
                0x0000000008000a14        0xe ./Core/Src/main.o
                0x0000000008000a14                Error_Handler
 *fill*         0x0000000008000a22        0x2 
 .text.HAL_MspInit
                0x0000000008000a24       0x50 ./Core/Src/stm32f4xx_hal_msp.o
                0x0000000008000a24                HAL_MspInit
 .text.HAL_UART_MspInit
                0x0000000008000a74      0x160 ./Core/Src/stm32f4xx_hal_msp.o
                0x0000000008000a74                HAL_UART_MspInit
 .text.HAL_InitTick
                0x0000000008000bd4       0xf8 ./Core/Src/stm32f4xx_hal_timebase_tim.o
                0x0000000008000bd4                HAL_InitTick
 .text.NMI_Handler
                0x0000000008000ccc        0x6 ./Core/Src/stm32f4xx_it.o
                0x0000000008000ccc                NMI_Handler
 .text.HardFault_Handler
                0x0000000008000cd2        0x6 ./Core/Src/stm32f4xx_it.o
                0x0000000008000cd2                HardFault_Handler
 .text.MemManage_Handler
                0x0000000008000cd8        0x6 ./Core/Src/stm32f4xx_it.o
                0x0000000008000cd8                MemManage_Handler
 .text.BusFault_Handler
                0x0000000008000cde        0x6 ./Core/Src/stm32f4xx_it.o
                0x0000000008000cde                BusFault_Handler
 .text.UsageFault_Handler
                0x0000000008000ce4        0x6 ./Core/Src/stm32f4xx_it.o
                0x0000000008000ce4                UsageFault_Handler
 .text.DebugMon_Handler
                0x0000000008000cea        0xe ./Core/Src/stm32f4xx_it.o
                0x0000000008000cea                DebugMon_Handler
 .text.USART2_IRQHandler
                0x0000000008000cf8       0x14 ./Core/Src/stm32f4xx_it.o
                0x0000000008000cf8                USART2_IRQHandler
 .text.USART3_IRQHandler
                0x0000000008000d0c       0x14 ./Core/Src/stm32f4xx_it.o
                0x0000000008000d0c                USART3_IRQHandler
 .text.TIM6_DAC_IRQHandler
                0x0000000008000d20       0x14 ./Core/Src/stm32f4xx_it.o
                0x0000000008000d20                TIM6_DAC_IRQHandler
 .text.SystemInit
                0x0000000008000d34       0x24 ./Core/Src/system_stm32f4xx.o
                0x0000000008000d34                SystemInit
 .text.Reset_Handler
                0x0000000008000d58       0x50 ./Core/Startup/startup_stm32f407vgtx.o
                0x0000000008000d58                Reset_Handler
 .text.Default_Handler
                0x0000000008000da8        0x2 ./Core/Startup/startup_stm32f407vgtx.o
                0x0000000008000da8                RTC_Alarm_IRQHandler
                0x0000000008000da8                HASH_RNG_IRQHandler
                0x0000000008000da8                EXTI2_IRQHandler
                0x0000000008000da8                TIM8_CC_IRQHandler
                0x0000000008000da8                TIM1_CC_IRQHandler
                0x0000000008000da8                DMA2_Stream5_IRQHandler
                0x0000000008000da8                DMA1_Stream5_IRQHandler
                0x0000000008000da8                PVD_IRQHandler
                0x0000000008000da8                SDIO_IRQHandler
                0x0000000008000da8                TAMP_STAMP_IRQHandler
                0x0000000008000da8                CAN2_RX1_IRQHandler
                0x0000000008000da8                EXTI3_IRQHandler
                0x0000000008000da8                TIM8_TRG_COM_TIM14_IRQHandler
                0x0000000008000da8                TIM1_UP_TIM10_IRQHandler
                0x0000000008000da8                TIM8_UP_TIM13_IRQHandler
                0x0000000008000da8                I2C3_ER_IRQHandler
                0x0000000008000da8                EXTI0_IRQHandler
                0x0000000008000da8                I2C2_EV_IRQHandler
                0x0000000008000da8                DMA1_Stream2_IRQHandler
                0x0000000008000da8                CAN1_RX0_IRQHandler
                0x0000000008000da8                FPU_IRQHandler
                0x0000000008000da8                OTG_HS_WKUP_IRQHandler
                0x0000000008000da8                CAN2_SCE_IRQHandler
                0x0000000008000da8                DMA2_Stream2_IRQHandler
                0x0000000008000da8                SPI1_IRQHandler
                0x0000000008000da8                TIM1_BRK_TIM9_IRQHandler
                0x0000000008000da8                DCMI_IRQHandler
                0x0000000008000da8                CAN2_RX0_IRQHandler
                0x0000000008000da8                DMA2_Stream3_IRQHandler
                0x0000000008000da8                USART6_IRQHandler
                0x0000000008000da8                CAN1_RX1_IRQHandler
                0x0000000008000da8                UART5_IRQHandler
                0x0000000008000da8                DMA2_Stream0_IRQHandler
                0x0000000008000da8                TIM4_IRQHandler
                0x0000000008000da8                I2C1_EV_IRQHandler
                0x0000000008000da8                DMA1_Stream6_IRQHandler
                0x0000000008000da8                DMA1_Stream1_IRQHandler
                0x0000000008000da8                UART4_IRQHandler
                0x0000000008000da8                TIM3_IRQHandler
                0x0000000008000da8                RCC_IRQHandler
                0x0000000008000da8                TIM8_BRK_TIM12_IRQHandler
                0x0000000008000da8                Default_Handler
                0x0000000008000da8                EXTI15_10_IRQHandler
                0x0000000008000da8                ADC_IRQHandler
                0x0000000008000da8                DMA1_Stream7_IRQHandler
                0x0000000008000da8                TIM7_IRQHandler
                0x0000000008000da8                CAN2_TX_IRQHandler
                0x0000000008000da8                TIM5_IRQHandler
                0x0000000008000da8                DMA2_Stream7_IRQHandler
                0x0000000008000da8                I2C3_EV_IRQHandler
                0x0000000008000da8                EXTI9_5_IRQHandler
                0x0000000008000da8                RTC_WKUP_IRQHandler
                0x0000000008000da8                ETH_WKUP_IRQHandler
                0x0000000008000da8                SPI2_IRQHandler
                0x0000000008000da8                OTG_HS_EP1_IN_IRQHandler
                0x0000000008000da8                DMA1_Stream0_IRQHandler
                0x0000000008000da8                CAN1_TX_IRQHandler
                0x0000000008000da8                EXTI4_IRQHandler
                0x0000000008000da8                FSMC_IRQHandler
                0x0000000008000da8                ETH_IRQHandler
                0x0000000008000da8                OTG_HS_EP1_OUT_IRQHandler
                0x0000000008000da8                WWDG_IRQHandler
                0x0000000008000da8                TIM2_IRQHandler
                0x0000000008000da8                OTG_FS_WKUP_IRQHandler
                0x0000000008000da8                TIM1_TRG_COM_TIM11_IRQHandler
                0x0000000008000da8                OTG_HS_IRQHandler
                0x0000000008000da8                EXTI1_IRQHandler
                0x0000000008000da8                I2C2_ER_IRQHandler
                0x0000000008000da8                DMA2_Stream1_IRQHandler
                0x0000000008000da8                CAN1_SCE_IRQHandler
                0x0000000008000da8                FLASH_IRQHandler
                0x0000000008000da8                DMA2_Stream4_IRQHandler
                0x0000000008000da8                USART1_IRQHandler
                0x0000000008000da8                OTG_FS_IRQHandler
                0x0000000008000da8                SPI3_IRQHandler
                0x0000000008000da8                DMA1_Stream4_IRQHandler
                0x0000000008000da8                I2C1_ER_IRQHandler
                0x0000000008000da8                DMA2_Stream6_IRQHandler
                0x0000000008000da8                DMA1_Stream3_IRQHandler
 *fill*         0x0000000008000daa        0x2 
 .text.HAL_Init
                0x0000000008000dac       0x44 ./Drivers/STM32F4xx_HAL_Driver/Src/stm32f4xx_hal.o
                0x0000000008000dac                HAL_Init
 .text.HAL_IncTick
                0x0000000008000df0       0x28 ./Drivers/STM32F4xx_HAL_Driver/Src/stm32f4xx_hal.o
                0x0000000008000df0                HAL_IncTick
 .text.HAL_GetTick
                0x0000000008000e18       0x18 ./Drivers/STM32F4xx_HAL_Driver/Src/stm32f4xx_hal.o
                0x0000000008000e18                HAL_GetTick
 .text.__NVIC_SetPriorityGrouping
                0x0000000008000e30       0x48 ./Drivers/STM32F4xx_HAL_Driver/Src/stm32f4xx_hal_cortex.o
 .text.__NVIC_GetPriorityGrouping
                0x0000000008000e78       0x1c ./Drivers/STM32F4xx_HAL_Driver/Src/stm32f4xx_hal_cortex.o
 .text.__NVIC_EnableIRQ
                0x0000000008000e94       0x3c ./Drivers/STM32F4xx_HAL_Driver/Src/stm32f4xx_hal_cortex.o
 .text.__NVIC_SetPriority
                0x0000000008000ed0       0x54 ./Drivers/STM32F4xx_HAL_Driver/Src/stm32f4xx_hal_cortex.o
 .text.NVIC_EncodePriority
                0x0000000008000f24       0x66 ./Drivers/STM32F4xx_HAL_Driver/Src/stm32f4xx_hal_cortex.o
 .text.HAL_NVIC_SetPriorityGrouping
                0x0000000008000f8a       0x16 ./Drivers/STM32F4xx_HAL_Driver/Src/stm32f4xx_hal_cortex.o
                0x0000000008000f8a                HAL_NVIC_SetPriorityGrouping
 .text.HAL_NVIC_SetPriority
                0x0000000008000fa0       0x38 ./Drivers/STM32F4xx_HAL_Driver/Src/stm32f4xx_hal_cortex.o
                0x0000000008000fa0                HAL_NVIC_SetPriority
 .text.HAL_NVIC_EnableIRQ
                0x0000000008000fd8       0x1c ./Drivers/STM32F4xx_HAL_Driver/Src/stm32f4xx_hal_cortex.o
                0x0000000008000fd8                HAL_NVIC_EnableIRQ
 .text.HAL_DMA_Abort
                0x0000000008000ff4       0xe0 ./Drivers/STM32F4xx_HAL_Driver/Src/stm32f4xx_hal_dma.o
                0x0000000008000ff4                HAL_DMA_Abort
 .text.HAL_DMA_Abort_IT
                0x00000000080010d4       0x44 ./Drivers/STM32F4xx_HAL_Driver/Src/stm32f4xx_hal_dma.o
                0x00000000080010d4                HAL_DMA_Abort_IT
 .text.HAL_GPIO_Init
                0x0000000008001118      0x338 ./Drivers/STM32F4xx_HAL_Driver/Src/stm32f4xx_hal_gpio.o
                0x0000000008001118                HAL_GPIO_Init
 .text.HAL_GPIO_WritePin
                0x0000000008001450       0x32 ./Drivers/STM32F4xx_HAL_Driver/Src/stm32f4xx_hal_gpio.o
                0x0000000008001450                HAL_GPIO_WritePin
 .text.HAL_GPIO_TogglePin
                0x0000000008001482       0x34 ./Drivers/STM32F4xx_HAL_Driver/Src/stm32f4xx_hal_gpio.o
                0x0000000008001482                HAL_GPIO_TogglePin
 *fill*         0x00000000080014b6        0x2 
 .text.HAL_RCC_OscConfig
                0x00000000080014b8      0x4f0 ./Drivers/STM32F4xx_HAL_Driver/Src/stm32f4xx_hal_rcc.o
                0x00000000080014b8                HAL_RCC_OscConfig
 .text.HAL_RCC_ClockConfig
                0x00000000080019a8      0x1cc ./Drivers/STM32F4xx_HAL_Driver/Src/stm32f4xx_hal_rcc.o
                0x00000000080019a8                HAL_RCC_ClockConfig
 .text.HAL_RCC_GetSysClockFreq
                0x0000000008001b74      0x20c ./Drivers/STM32F4xx_HAL_Driver/Src/stm32f4xx_hal_rcc.o
                0x0000000008001b74                HAL_RCC_GetSysClockFreq
 .text.HAL_RCC_GetHCLKFreq
                0x0000000008001d80       0x18 ./Drivers/STM32F4xx_HAL_Driver/Src/stm32f4xx_hal_rcc.o
                0x0000000008001d80                HAL_RCC_GetHCLKFreq
 .text.HAL_RCC_GetPCLK1Freq
                0x0000000008001d98       0x28 ./Drivers/STM32F4xx_HAL_Driver/Src/stm32f4xx_hal_rcc.o
                0x0000000008001d98                HAL_RCC_GetPCLK1Freq
 .text.HAL_RCC_GetPCLK2Freq
                0x0000000008001dc0       0x28 ./Drivers/STM32F4xx_HAL_Driver/Src/stm32f4xx_hal_rcc.o
                0x0000000008001dc0                HAL_RCC_GetPCLK2Freq
 .text.HAL_RCC_GetClockConfig
                0x0000000008001de8       0x64 ./Drivers/STM32F4xx_HAL_Driver/Src/stm32f4xx_hal_rcc.o
                0x0000000008001de8                HAL_RCC_GetClockConfig
 .text.HAL_TIM_Base_Init
                0x0000000008001e4c       0x9e ./Drivers/STM32F4xx_HAL_Driver/Src/stm32f4xx_hal_tim.o
                0x0000000008001e4c                HAL_TIM_Base_Init
 .text.HAL_TIM_Base_MspInit
                0x0000000008001eea       0x14 ./Drivers/STM32F4xx_HAL_Driver/Src/stm32f4xx_hal_tim.o
                0x0000000008001eea                HAL_TIM_Base_MspInit
 *fill*         0x0000000008001efe        0x2 
 .text.HAL_TIM_Base_Start_IT
                0x0000000008001f00       0xe0 ./Drivers/STM32F4xx_HAL_Driver/Src/stm32f4xx_hal_tim.o
                0x0000000008001f00                HAL_TIM_Base_Start_IT
 .text.HAL_TIM_IRQHandler
                0x0000000008001fe0      0x210 ./Drivers/STM32F4xx_HAL_Driver/Src/stm32f4xx_hal_tim.o
                0x0000000008001fe0                HAL_TIM_IRQHandler
 .text.HAL_TIM_OC_DelayElapsedCallback
                0x00000000080021f0       0x14 ./Drivers/STM32F4xx_HAL_Driver/Src/stm32f4xx_hal_tim.o
                0x00000000080021f0                HAL_TIM_OC_DelayElapsedCallback
 .text.HAL_TIM_IC_CaptureCallback
                0x0000000008002204       0x14 ./Drivers/STM32F4xx_HAL_Driver/Src/stm32f4xx_hal_tim.o
                0x0000000008002204                HAL_TIM_IC_CaptureCallback
 .text.HAL_TIM_PWM_PulseFinishedCallback
                0x0000000008002218       0x14 ./Drivers/STM32F4xx_HAL_Driver/Src/stm32f4xx_hal_tim.o
                0x0000000008002218                HAL_TIM_PWM_PulseFinishedCallback
 .text.HAL_TIM_TriggerCallback
                0x000000000800222c       0x14 ./Drivers/STM32F4xx_HAL_Driver/Src/stm32f4xx_hal_tim.o
                0x000000000800222c                HAL_TIM_TriggerCallback
 .text.TIM_Base_SetConfig
                0x0000000008002240      0x140 ./Drivers/STM32F4xx_HAL_Driver/Src/stm32f4xx_hal_tim.o
                0x0000000008002240                TIM_Base_SetConfig
 .text.HAL_TIMEx_CommutCallback
                0x0000000008002380       0x14 ./Drivers/STM32F4xx_HAL_Driver/Src/stm32f4xx_hal_tim_ex.o
                0x0000000008002380                HAL_TIMEx_CommutCallback
 .text.HAL_TIMEx_BreakCallback
                0x0000000008002394       0x14 ./Drivers/STM32F4xx_HAL_Driver/Src/stm32f4xx_hal_tim_ex.o
                0x0000000008002394                HAL_TIMEx_BreakCallback
 .text.HAL_UART_Init
                0x00000000080023a8       0x9a ./Drivers/STM32F4xx_HAL_Driver/Src/stm32f4xx_hal_uart.o
                0x00000000080023a8                HAL_UART_Init
 .text.HAL_UART_Receive
                0x0000000008002442      0x144 ./Drivers/STM32F4xx_HAL_Driver/Src/stm32f4xx_hal_uart.o
                0x0000000008002442                HAL_UART_Receive
 .text.HAL_UART_Receive_IT
                0x0000000008002586       0x60 ./Drivers/STM32F4xx_HAL_Driver/Src/stm32f4xx_hal_uart.o
                0x0000000008002586                HAL_UART_Receive_IT
 *fill*         0x00000000080025e6        0x2 
 .text.HAL_UART_IRQHandler
                0x00000000080025e8      0x51c ./Drivers/STM32F4xx_HAL_Driver/Src/stm32f4xx_hal_uart.o
                0x00000000080025e8                HAL_UART_IRQHandler
 .text.HAL_UART_TxCpltCallback
                0x0000000008002b04       0x14 ./Drivers/STM32F4xx_HAL_Driver/Src/stm32f4xx_hal_uart.o
                0x0000000008002b04                HAL_UART_TxCpltCallback
 .text.HAL_UART_ErrorCallback
                0x0000000008002b18       0x14 ./Drivers/STM32F4xx_HAL_Driver/Src/stm32f4xx_hal_uart.o
                0x0000000008002b18                HAL_UART_ErrorCallback
 .text.HAL_UARTEx_RxEventCallback
                0x0000000008002b2c       0x18 ./Drivers/STM32F4xx_HAL_Driver/Src/stm32f4xx_hal_uart.o
                0x0000000008002b2c                HAL_UARTEx_RxEventCallback
 .text.UART_WaitOnFlagUntilTimeout
                0x0000000008002b44       0xdc ./Drivers/STM32F4xx_HAL_Driver/Src/stm32f4xx_hal_uart.o
 .text.UART_Start_Receive_IT
                0x0000000008002c20       0x7c ./Drivers/STM32F4xx_HAL_Driver/Src/stm32f4xx_hal_uart.o
                0x0000000008002c20                UART_Start_Receive_IT
 .text.UART_EndRxTransfer
                0x0000000008002c9c       0xc6 ./Drivers/STM32F4xx_HAL_Driver/Src/stm32f4xx_hal_uart.o
 .text.UART_DMAAbortOnError
                0x0000000008002d62       0x28 ./Drivers/STM32F4xx_HAL_Driver/Src/stm32f4xx_hal_uart.o
 .text.UART_Transmit_IT
                0x0000000008002d8a       0xa0 ./Drivers/STM32F4xx_HAL_Driver/Src/stm32f4xx_hal_uart.o
 .text.UART_EndTransmit_IT
                0x0000000008002e2a       0x30 ./Drivers/STM32F4xx_HAL_Driver/Src/stm32f4xx_hal_uart.o
 .text.UART_Receive_IT
                0x0000000008002e5a      0x176 ./Drivers/STM32F4xx_HAL_Driver/Src/stm32f4xx_hal_uart.o
 .text.UART_SetConfig
                0x0000000008002fd0      0x4e8 ./Drivers/STM32F4xx_HAL_Driver/Src/stm32f4xx_hal_uart.o
 .text.vListInitialise
                0x00000000080034b8       0x40 ./ThirdParty/FreeRTOS/list.o
                0x00000000080034b8                vListInitialise
 .text.vListInitialiseItem
                0x00000000080034f8       0x1a ./ThirdParty/FreeRTOS/list.o
                0x00000000080034f8                vListInitialiseItem
 .text.vListInsert
                0x0000000008003512       0x72 ./ThirdParty/FreeRTOS/list.o
                0x0000000008003512                vListInsert
 .text.uxListRemove
                0x0000000008003584       0x54 ./ThirdParty/FreeRTOS/list.o
                0x0000000008003584                uxListRemove
 .text.xQueueGenericReset
                0x00000000080035d8      0x120 ./ThirdParty/FreeRTOS/queue.o
                0x00000000080035d8                xQueueGenericReset
 .text.xQueueGenericCreate
                0x00000000080036f8       0x9c ./ThirdParty/FreeRTOS/queue.o
                0x00000000080036f8                xQueueGenericCreate
 .text.prvInitialiseNewQueue
                0x0000000008003794       0x46 ./ThirdParty/FreeRTOS/queue.o
 *fill*         0x00000000080037da        0x2 
 .text.xQueueReceive
                0x00000000080037dc      0x1c0 ./ThirdParty/FreeRTOS/queue.o
                0x00000000080037dc                xQueueReceive
 .text.prvCopyDataFromQueue
                0x000000000800399c       0x4c ./ThirdParty/FreeRTOS/queue.o
 .text.prvUnlockQueue
                0x00000000080039e8       0xa4 ./ThirdParty/FreeRTOS/queue.o
 .text.prvIsQueueEmpty
                0x0000000008003a8c       0x2c ./ThirdParty/FreeRTOS/queue.o
 .text.vQueueAddToRegistry
                0x0000000008003ab8       0x9c ./ThirdParty/FreeRTOS/queue.o
                0x0000000008003ab8                vQueueAddToRegistry
 .text.vQueueWaitForMessageRestricted
                0x0000000008003b54       0x68 ./ThirdParty/FreeRTOS/queue.o
                0x0000000008003b54                vQueueWaitForMessageRestricted
 .text.xTaskCreate
                0x0000000008003bbc       0x82 ./ThirdParty/FreeRTOS/tasks.o
                0x0000000008003bbc                xTaskCreate
 .text.prvInitialiseNewTask
                0x0000000008003c3e      0x148 ./ThirdParty/FreeRTOS/tasks.o
 *fill*         0x0000000008003d86        0x2 
 .text.prvAddNewTaskToReadyList
                0x0000000008003d88      0x12c ./ThirdParty/FreeRTOS/tasks.o
 .text.vTaskDelay
                0x0000000008003eb4       0x68 ./ThirdParty/FreeRTOS/tasks.o
                0x0000000008003eb4                vTaskDelay
 .text.vTaskStartScheduler
                0x0000000008003f1c       0xa4 ./ThirdParty/FreeRTOS/tasks.o
                0x0000000008003f1c                vTaskStartScheduler
 .text.vTaskSuspendAll
                0x0000000008003fc0       0x1c ./ThirdParty/FreeRTOS/tasks.o
                0x0000000008003fc0                vTaskSuspendAll
 .text.xTaskResumeAll
                0x0000000008003fdc      0x1f8 ./ThirdParty/FreeRTOS/tasks.o
                0x0000000008003fdc                xTaskResumeAll
 .text.xTaskGetTickCount
                0x00000000080041d4       0x20 ./ThirdParty/FreeRTOS/tasks.o
                0x00000000080041d4                xTaskGetTickCount
 .text.xTaskIncrementTick
                0x00000000080041f4      0x22c ./ThirdParty/FreeRTOS/tasks.o
                0x00000000080041f4                xTaskIncrementTick
 .text.vTaskSwitchContext
                0x0000000008004420       0xb8 ./ThirdParty/FreeRTOS/tasks.o
                0x0000000008004420                vTaskSwitchContext
 .text.vTaskPlaceOnEventList
                0x00000000080044d8       0x48 ./ThirdParty/FreeRTOS/tasks.o
                0x00000000080044d8                vTaskPlaceOnEventList
 .text.vTaskPlaceOnEventListRestricted
                0x0000000008004520       0x8c ./ThirdParty/FreeRTOS/tasks.o
                0x0000000008004520                vTaskPlaceOnEventListRestricted
 .text.xTaskRemoveFromEventList
                0x00000000080045ac      0x1ac ./ThirdParty/FreeRTOS/tasks.o
                0x00000000080045ac                xTaskRemoveFromEventList
 .text.vTaskInternalSetTimeOutState
                0x0000000008004758       0x2c ./ThirdParty/FreeRTOS/tasks.o
                0x0000000008004758                vTaskInternalSetTimeOutState
 .text.xTaskCheckForTimeOut
                0x0000000008004784       0xcc ./ThirdParty/FreeRTOS/tasks.o
                0x0000000008004784                xTaskCheckForTimeOut
 .text.vTaskMissedYield
                0x0000000008004850       0x18 ./ThirdParty/FreeRTOS/tasks.o
                0x0000000008004850                vTaskMissedYield
 .text.prvIdleTask
                0x0000000008004868       0x30 ./ThirdParty/FreeRTOS/tasks.o
 .text.prvInitialiseTaskLists
                0x0000000008004898       0x80 ./ThirdParty/FreeRTOS/tasks.o
 .text.prvCheckTasksWaitingTermination
                0x0000000008004918       0x5c ./ThirdParty/FreeRTOS/tasks.o
 .text.prvDeleteTCB
                0x0000000008004974       0x20 ./ThirdParty/FreeRTOS/tasks.o
 .text.prvResetNextTaskUnblockTime
                0x0000000008004994       0x38 ./ThirdParty/FreeRTOS/tasks.o
 .text.xTaskGetSchedulerState
                0x00000000080049cc       0x3c ./ThirdParty/FreeRTOS/tasks.o
                0x00000000080049cc                xTaskGetSchedulerState
 .text.prvAddCurrentTaskToDelayedList
                0x0000000008004a08      0x100 ./ThirdParty/FreeRTOS/tasks.o
 .text.xTimerCreateTimerTask
                0x0000000008004b08       0x64 ./ThirdParty/FreeRTOS/timers.o
                0x0000000008004b08                xTimerCreateTimerTask
 .text.prvReloadTimer
                0x0000000008004b6c       0x42 ./ThirdParty/FreeRTOS/timers.o
 *fill*         0x0000000008004bae        0x2 
 .text.prvProcessExpiredTimer
                0x0000000008004bb0       0x60 ./ThirdParty/FreeRTOS/timers.o
 .text.prvTimerTask
                0x0000000008004c10       0x24 ./ThirdParty/FreeRTOS/timers.o
 .text.prvProcessTimerOrBlockTask
                0x0000000008004c34       0x9c ./ThirdParty/FreeRTOS/timers.o
 .text.prvGetNextExpireTime
                0x0000000008004cd0       0x48 ./ThirdParty/FreeRTOS/timers.o
 .text.prvSampleTimeNow
                0x0000000008004d18       0x40 ./ThirdParty/FreeRTOS/timers.o
 .text.prvInsertTimerInActiveList
                0x0000000008004d58       0x84 ./ThirdParty/FreeRTOS/timers.o
 .text.prvProcessReceivedCommands
                0x0000000008004ddc      0x17c ./ThirdParty/FreeRTOS/timers.o
 .text.prvSwitchTimerLists
                0x0000000008004f58       0x4c ./ThirdParty/FreeRTOS/timers.o
 .text.prvCheckForValidListAndQueue
                0x0000000008004fa4       0x6c ./ThirdParty/FreeRTOS/timers.o
 .text.pxPortInitialiseStack
                0x0000000008005010       0x68 ./ThirdParty/FreeRTOS/portable/GCC/ARM_CM4F/port.o
                0x0000000008005010                pxPortInitialiseStack
 .text.prvTaskExitError
                0x0000000008005078       0x58 ./ThirdParty/FreeRTOS/portable/GCC/ARM_CM4F/port.o
 .text.SVC_Handler
                0x00000000080050d0       0x28 ./ThirdParty/FreeRTOS/portable/GCC/ARM_CM4F/port.o
                0x00000000080050d0                SVC_Handler
 .text.prvPortStartFirstTask
                0x00000000080050f8       0x2c ./ThirdParty/FreeRTOS/portable/GCC/ARM_CM4F/port.o
 .text.xPortStartScheduler
                0x0000000008005124      0x144 ./ThirdParty/FreeRTOS/portable/GCC/ARM_CM4F/port.o
                0x0000000008005124                xPortStartScheduler
 .text.vPortEnterCritical
                0x0000000008005268       0x60 ./ThirdParty/FreeRTOS/portable/GCC/ARM_CM4F/port.o
                0x0000000008005268                vPortEnterCritical
 .text.vPortExitCritical
                0x00000000080052c8       0x54 ./ThirdParty/FreeRTOS/portable/GCC/ARM_CM4F/port.o
                0x00000000080052c8                vPortExitCritical
 *fill*         0x000000000800531c        0x4 
 .text.PendSV_Handler
                0x0000000008005320       0x68 ./ThirdParty/FreeRTOS/portable/GCC/ARM_CM4F/port.o
                0x0000000008005320                PendSV_Handler
 .text.SysTick_Handler
                0x0000000008005388       0x44 ./ThirdParty/FreeRTOS/portable/GCC/ARM_CM4F/port.o
                0x0000000008005388                SysTick_Handler
 .text.vPortSetupTimerInterrupt
                0x00000000080053cc       0x48 ./ThirdParty/FreeRTOS/portable/GCC/ARM_CM4F/port.o
                0x00000000080053cc                vPortSetupTimerInterrupt
 .text.vPortEnableVFP
                0x0000000008005414       0x18 ./ThirdParty/FreeRTOS/portable/GCC/ARM_CM4F/port.o
 .text.pvPortMalloc
                0x000000000800542c      0x1c0 ./ThirdParty/FreeRTOS/portable/MemMang/heap_4.o
                0x000000000800542c                pvPortMalloc
 .text.vPortFree
                0x00000000080055ec       0xc4 ./ThirdParty/FreeRTOS/portable/MemMang/heap_4.o
                0x00000000080055ec                vPortFree
 .text.prvHeapInit
                0x00000000080056b0       0xc4 ./ThirdParty/FreeRTOS/portable/MemMang/heap_4.o
 .text.prvInsertBlockIntoFreeList
                0x0000000008005774       0xb4 ./ThirdParty/FreeRTOS/portable/MemMang/heap_4.o
 .text.__libc_init_array
                0x0000000008005828       0x48 c:/st/stm32cubeide_1.10.1/stm32cubeide/plugins/com.st.stm32cube.ide.mcu.externaltools.gnu-tools-for-stm32.10.3-2021.10.win32_1.0.0.202111181127/tools/bin/../lib/gcc/arm-none-eabi/10.3.1/../../../../arm-none-eabi/lib/thumb/v7e-m+fp/hard\libc_nano.a(lib_a-init.o)
                0x0000000008005828                __libc_init_array
 .text.memcpy   0x0000000008005870       0x1c c:/st/stm32cubeide_1.10.1/stm32cubeide/plugins/com.st.stm32cube.ide.mcu.externaltools.gnu-tools-for-stm32.10.3-2021.10.win32_1.0.0.202111181127/tools/bin/../lib/gcc/arm-none-eabi/10.3.1/../../../../arm-none-eabi/lib/thumb/v7e-m+fp/hard\libc_nano.a(lib_a-memcpy-stub.o)
                0x0000000008005870                memcpy
 .text.memset   0x000000000800588c       0x10 c:/st/stm32cubeide_1.10.1/stm32cubeide/plugins/com.st.stm32cube.ide.mcu.externaltools.gnu-tools-for-stm32.10.3-2021.10.win32_1.0.0.202111181127/tools/bin/../lib/gcc/arm-none-eabi/10.3.1/../../../../arm-none-eabi/lib/thumb/v7e-m+fp/hard\libc_nano.a(lib_a-memset.o)
                0x000000000800588c                memset
 *(.glue_7)
 .glue_7        0x000000000800589c        0x0 linker stubs
 *(.glue_7t)
 .glue_7t       0x000000000800589c        0x0 linker stubs
 *(.eh_frame)
 .eh_frame      0x000000000800589c        0x0 c:/st/stm32cubeide_1.10.1/stm32cubeide/plugins/com.st.stm32cube.ide.mcu.externaltools.gnu-tools-for-stm32.10.3-2021.10.win32_1.0.0.202111181127/tools/bin/../lib/gcc/arm-none-eabi/10.3.1/thumb/v7e-m+fp/hard/crtbegin.o
 *(.init)
 .init          0x000000000800589c        0x4 c:/st/stm32cubeide_1.10.1/stm32cubeide/plugins/com.st.stm32cube.ide.mcu.externaltools.gnu-tools-for-stm32.10.3-2021.10.win32_1.0.0.202111181127/tools/bin/../lib/gcc/arm-none-eabi/10.3.1/thumb/v7e-m+fp/hard/crti.o
                0x000000000800589c                _init
 .init          0x00000000080058a0        0x8 c:/st/stm32cubeide_1.10.1/stm32cubeide/plugins/com.st.stm32cube.ide.mcu.externaltools.gnu-tools-for-stm32.10.3-2021.10.win32_1.0.0.202111181127/tools/bin/../lib/gcc/arm-none-eabi/10.3.1/thumb/v7e-m+fp/hard/crtn.o
 *(.fini)
 .fini          0x00000000080058a8        0x4 c:/st/stm32cubeide_1.10.1/stm32cubeide/plugins/com.st.stm32cube.ide.mcu.externaltools.gnu-tools-for-stm32.10.3-2021.10.win32_1.0.0.202111181127/tools/bin/../lib/gcc/arm-none-eabi/10.3.1/thumb/v7e-m+fp/hard/crti.o
                0x00000000080058a8                _fini
 .fini          0x00000000080058ac        0x8 c:/st/stm32cubeide_1.10.1/stm32cubeide/plugins/com.st.stm32cube.ide.mcu.externaltools.gnu-tools-for-stm32.10.3-2021.10.win32_1.0.0.202111181127/tools/bin/../lib/gcc/arm-none-eabi/10.3.1/thumb/v7e-m+fp/hard/crtn.o
                0x00000000080058b4                . = ALIGN (0x4)
                0x00000000080058b4                _etext = .

.vfp11_veneer   0x00000000080058b4        0x0
 .vfp11_veneer  0x00000000080058b4        0x0 linker stubs

.v4_bx          0x00000000080058b4        0x0
 .v4_bx         0x00000000080058b4        0x0 linker stubs

.iplt           0x00000000080058b4        0x0
 .iplt          0x00000000080058b4        0x0 c:/st/stm32cubeide_1.10.1/stm32cubeide/plugins/com.st.stm32cube.ide.mcu.externaltools.gnu-tools-for-stm32.10.3-2021.10.win32_1.0.0.202111181127/tools/bin/../lib/gcc/arm-none-eabi/10.3.1/thumb/v7e-m+fp/hard/crtbegin.o

.rodata         0x00000000080058b4       0x40
                0x00000000080058b4                . = ALIGN (0x4)
 *(.rodata)
 .rodata        0x00000000080058b4        0xf ./Core/Src/main.o
 *fill*         0x00000000080058c3        0x1 
 .rodata        0x00000000080058c4        0x5 ./ThirdParty/FreeRTOS/tasks.o
 *fill*         0x00000000080058c9        0x3 
 .rodata        0x00000000080058cc        0xd ./ThirdParty/FreeRTOS/timers.o
 *(.rodata*)
 *fill*         0x00000000080058d9        0x3 
 .rodata.AHBPrescTable
                0x00000000080058dc       0x10 ./Core/Src/system_stm32f4xx.o
                0x00000000080058dc                AHBPrescTable
 .rodata.APBPrescTable
                0x00000000080058ec        0x8 ./Core/Src/system_stm32f4xx.o
                0x00000000080058ec                APBPrescTable
                0x00000000080058f4                . = ALIGN (0x4)

.ARM.extab      0x00000000080058f4        0x0
                0x00000000080058f4                . = ALIGN (0x4)
 *(.ARM.extab* .gnu.linkonce.armextab.*)
                0x00000000080058f4                . = ALIGN (0x4)

.ARM            0x00000000080058f4        0x8
                0x00000000080058f4                . = ALIGN (0x4)
                0x00000000080058f4                __exidx_start = .
 *(.ARM.exidx*)
 .ARM.exidx     0x00000000080058f4        0x8 c:/st/stm32cubeide_1.10.1/stm32cubeide/plugins/com.st.stm32cube.ide.mcu.externaltools.gnu-tools-for-stm32.10.3-2021.10.win32_1.0.0.202111181127/tools/bin/../lib/gcc/arm-none-eabi/10.3.1/thumb/v7e-m+fp/hard\libgcc.a(_udivmoddi4.o)
                0x00000000080058fc                __exidx_end = .
                0x00000000080058fc                . = ALIGN (0x4)

.rel.dyn        0x00000000080058fc        0x0
 .rel.iplt      0x00000000080058fc        0x0 c:/st/stm32cubeide_1.10.1/stm32cubeide/plugins/com.st.stm32cube.ide.mcu.externaltools.gnu-tools-for-stm32.10.3-2021.10.win32_1.0.0.202111181127/tools/bin/../lib/gcc/arm-none-eabi/10.3.1/thumb/v7e-m+fp/hard/crtbegin.o

.preinit_array  0x00000000080058fc        0x0
                0x00000000080058fc                . = ALIGN (0x4)
                0x00000000080058fc                PROVIDE (__preinit_array_start = .)
 *(.preinit_array*)
                0x00000000080058fc                PROVIDE (__preinit_array_end = .)
                0x00000000080058fc                . = ALIGN (0x4)

.init_array     0x00000000080058fc        0x4
                0x00000000080058fc                . = ALIGN (0x4)
                0x00000000080058fc                PROVIDE (__init_array_start = .)
 *(SORT_BY_NAME(.init_array.*))
 *(.init_array*)
 .init_array    0x00000000080058fc        0x4 c:/st/stm32cubeide_1.10.1/stm32cubeide/plugins/com.st.stm32cube.ide.mcu.externaltools.gnu-tools-for-stm32.10.3-2021.10.win32_1.0.0.202111181127/tools/bin/../lib/gcc/arm-none-eabi/10.3.1/thumb/v7e-m+fp/hard/crtbegin.o
                0x0000000008005900                PROVIDE (__init_array_end = .)
                0x0000000008005900                . = ALIGN (0x4)

.fini_array     0x0000000008005900        0x4
                0x0000000008005900                . = ALIGN (0x4)
                [!provide]                        PROVIDE (__fini_array_start = .)
 *(SORT_BY_NAME(.fini_array.*))
 *(.fini_array*)
 .fini_array    0x0000000008005900        0x4 c:/st/stm32cubeide_1.10.1/stm32cubeide/plugins/com.st.stm32cube.ide.mcu.externaltools.gnu-tools-for-stm32.10.3-2021.10.win32_1.0.0.202111181127/tools/bin/../lib/gcc/arm-none-eabi/10.3.1/thumb/v7e-m+fp/hard/crtbegin.o
                [!provide]                        PROVIDE (__fini_array_end = .)
                0x0000000008005904                . = ALIGN (0x4)
                0x0000000008005904                _sidata = LOADADDR (.data)

.data           0x0000000020000000       0x14 load address 0x0000000008005904
                0x0000000020000000                . = ALIGN (0x4)
                0x0000000020000000                _sdata = .
 *(.data)
 *(.data*)
 .data.SystemCoreClock
                0x0000000020000000        0x4 ./Core/Src/system_stm32f4xx.o
                0x0000000020000000                SystemCoreClock
 .data.uwTickPrio
                0x0000000020000004        0x4 ./Drivers/STM32F4xx_HAL_Driver/Src/stm32f4xx_hal.o
                0x0000000020000004                uwTickPrio
 .data.uwTickFreq
                0x0000000020000008        0x1 ./Drivers/STM32F4xx_HAL_Driver/Src/stm32f4xx_hal.o
                0x0000000020000008                uwTickFreq
 *fill*         0x0000000020000009        0x3 
 .data.uxTopUsedPriority
                0x000000002000000c        0x4 ./ThirdParty/FreeRTOS/tasks.o
                0x000000002000000c                uxTopUsedPriority
 .data.uxCriticalNesting
                0x0000000020000010        0x4 ./ThirdParty/FreeRTOS/portable/GCC/ARM_CM4F/port.o
 *(.RamFunc)
 *(.RamFunc*)
                0x0000000020000014                . = ALIGN (0x4)
                0x0000000020000014                _edata = .
                0x0000000008005918                _siccmram = LOADADDR (.ccmram)

.igot.plt       0x0000000020000014        0x0 load address 0x0000000008005918
 .igot.plt      0x0000000020000014        0x0 c:/st/stm32cubeide_1.10.1/stm32cubeide/plugins/com.st.stm32cube.ide.mcu.externaltools.gnu-tools-for-stm32.10.3-2021.10.win32_1.0.0.202111181127/tools/bin/../lib/gcc/arm-none-eabi/10.3.1/thumb/v7e-m+fp/hard/crtbegin.o

.ccmram         0x0000000010000000        0x0 load address 0x0000000008005918
                0x0000000010000000                . = ALIGN (0x4)
                0x0000000010000000                _sccmram = .
 *(.ccmram)
 *(.ccmram*)
                0x0000000010000000                . = ALIGN (0x4)
                0x0000000010000000                _eccmram = .
                0x0000000010000000                . = ALIGN (0x4)

.bss            0x0000000020000014    0x12ea4
                0x0000000020000014                _sbss = .
                0x0000000020000014                __bss_start__ = _sbss
 *(.bss)
 .bss           0x0000000020000014       0x1c c:/st/stm32cubeide_1.10.1/stm32cubeide/plugins/com.st.stm32cube.ide.mcu.externaltools.gnu-tools-for-stm32.10.3-2021.10.win32_1.0.0.202111181127/tools/bin/../lib/gcc/arm-none-eabi/10.3.1/thumb/v7e-m+fp/hard/crtbegin.o
 *(.bss*)
 .bss.huart2    0x0000000020000030       0x44 ./Core/Src/main.o
                0x0000000020000030                huart2
 .bss.huart3    0x0000000020000074       0x44 ./Core/Src/main.o
                0x0000000020000074                huart3
 .bss.RX_BUFFER
                0x00000000200000b8        0x3 ./Core/Src/main.o
                0x00000000200000b8                RX_BUFFER
 *fill*         0x00000000200000bb        0x1 
 .bss.task1_handle
                0x00000000200000bc        0x4 ./Core/Src/main.o
                0x00000000200000bc                task1_handle
 .bss.task2_handle
                0x00000000200000c0        0x4 ./Core/Src/main.o
                0x00000000200000c0                task2_handle
 .bss.htim6     0x00000000200000c4       0x48 ./Core/Src/stm32f4xx_hal_timebase_tim.o
                0x00000000200000c4                htim6
 .bss.uwTick    0x000000002000010c        0x4 ./Drivers/STM32F4xx_HAL_Driver/Src/stm32f4xx_hal.o
                0x000000002000010c                uwTick
 .bss.xQueueRegistry
                0x0000000020000110       0x40 ./ThirdParty/FreeRTOS/queue.o
                0x0000000020000110                xQueueRegistry
 .bss.pxCurrentTCB
                0x0000000020000150        0x4 ./ThirdParty/FreeRTOS/tasks.o
                0x0000000020000150                pxCurrentTCB
 .bss.pxReadyTasksLists
                0x0000000020000154       0x64 ./ThirdParty/FreeRTOS/tasks.o
 .bss.xDelayedTaskList1
                0x00000000200001b8       0x14 ./ThirdParty/FreeRTOS/tasks.o
 .bss.xDelayedTaskList2
                0x00000000200001cc       0x14 ./ThirdParty/FreeRTOS/tasks.o
 .bss.pxDelayedTaskList
                0x00000000200001e0        0x4 ./ThirdParty/FreeRTOS/tasks.o
 .bss.pxOverflowDelayedTaskList
                0x00000000200001e4        0x4 ./ThirdParty/FreeRTOS/tasks.o
 .bss.xPendingReadyList
                0x00000000200001e8       0x14 ./ThirdParty/FreeRTOS/tasks.o
 .bss.xTasksWaitingTermination
                0x00000000200001fc       0x14 ./ThirdParty/FreeRTOS/tasks.o
 .bss.uxDeletedTasksWaitingCleanUp
                0x0000000020000210        0x4 ./ThirdParty/FreeRTOS/tasks.o
 .bss.xSuspendedTaskList
                0x0000000020000214       0x14 ./ThirdParty/FreeRTOS/tasks.o
 .bss.uxCurrentNumberOfTasks
                0x0000000020000228        0x4 ./ThirdParty/FreeRTOS/tasks.o
 .bss.xTickCount
                0x000000002000022c        0x4 ./ThirdParty/FreeRTOS/tasks.o
 .bss.uxTopReadyPriority
                0x0000000020000230        0x4 ./ThirdParty/FreeRTOS/tasks.o
 .bss.xSchedulerRunning
                0x0000000020000234        0x4 ./ThirdParty/FreeRTOS/tasks.o
 .bss.xPendedTicks
                0x0000000020000238        0x4 ./ThirdParty/FreeRTOS/tasks.o
 .bss.xYieldPending
                0x000000002000023c        0x4 ./ThirdParty/FreeRTOS/tasks.o
 .bss.xNumOfOverflows
                0x0000000020000240        0x4 ./ThirdParty/FreeRTOS/tasks.o
 .bss.uxTaskNumber
                0x0000000020000244        0x4 ./ThirdParty/FreeRTOS/tasks.o
 .bss.xNextTaskUnblockTime
                0x0000000020000248        0x4 ./ThirdParty/FreeRTOS/tasks.o
 .bss.xIdleTaskHandle
                0x000000002000024c        0x4 ./ThirdParty/FreeRTOS/tasks.o
 .bss.uxSchedulerSuspended
                0x0000000020000250        0x4 ./ThirdParty/FreeRTOS/tasks.o
 .bss.xActiveTimerList1
                0x0000000020000254       0x14 ./ThirdParty/FreeRTOS/timers.o
 .bss.xActiveTimerList2
                0x0000000020000268       0x14 ./ThirdParty/FreeRTOS/timers.o
 .bss.pxCurrentTimerList
                0x000000002000027c        0x4 ./ThirdParty/FreeRTOS/timers.o
 .bss.pxOverflowTimerList
                0x0000000020000280        0x4 ./ThirdParty/FreeRTOS/timers.o
 .bss.xTimerQueue
                0x0000000020000284        0x4 ./ThirdParty/FreeRTOS/timers.o
 .bss.xTimerTaskHandle
                0x0000000020000288        0x4 ./ThirdParty/FreeRTOS/timers.o
 .bss.xLastTime.0
                0x000000002000028c        0x4 ./ThirdParty/FreeRTOS/timers.o
 .bss.ucMaxSysCallPriority
                0x0000000020000290        0x1 ./ThirdParty/FreeRTOS/portable/GCC/ARM_CM4F/port.o
 *fill*         0x0000000020000291        0x3 
 .bss.ulMaxPRIGROUPValue
                0x0000000020000294        0x4 ./ThirdParty/FreeRTOS/portable/GCC/ARM_CM4F/port.o
 .bss.ucHeap    0x0000000020000298    0x12c00 ./ThirdParty/FreeRTOS/portable/MemMang/heap_4.o
 .bss.xStart    0x0000000020012e98        0x8 ./ThirdParty/FreeRTOS/portable/MemMang/heap_4.o
 .bss.pxEnd     0x0000000020012ea0        0x4 ./ThirdParty/FreeRTOS/portable/MemMang/heap_4.o
 .bss.xFreeBytesRemaining
                0x0000000020012ea4        0x4 ./ThirdParty/FreeRTOS/portable/MemMang/heap_4.o
 .bss.xMinimumEverFreeBytesRemaining
                0x0000000020012ea8        0x4 ./ThirdParty/FreeRTOS/portable/MemMang/heap_4.o
 .bss.xNumberOfSuccessfulAllocations
                0x0000000020012eac        0x4 ./ThirdParty/FreeRTOS/portable/MemMang/heap_4.o
 .bss.xNumberOfSuccessfulFrees
                0x0000000020012eb0        0x4 ./ThirdParty/FreeRTOS/portable/MemMang/heap_4.o
 .bss.xBlockAllocatedBit
                0x0000000020012eb4        0x4 ./ThirdParty/FreeRTOS/portable/MemMang/heap_4.o
 *(COMMON)
                0x0000000020012eb8                . = ALIGN (0x4)
                0x0000000020012eb8                _ebss = .
                0x0000000020012eb8                __bss_end__ = _ebss

._user_heap_stack
                0x0000000020012eb8      0x600
                0x0000000020012eb8                . = ALIGN (0x8)
                [!provide]                        PROVIDE (end = .)
                [!provide]                        PROVIDE (_end = .)
                0x00000000200130b8                . = (. + _Min_Heap_Size)
 *fill*         0x0000000020012eb8      0x200 
                0x00000000200134b8                . = (. + _Min_Stack_Size)
 *fill*         0x00000000200130b8      0x400 
                0x00000000200134b8                . = ALIGN (0x8)

/DISCARD/
 libc.a(*)
 libm.a(*)
 libgcc.a(*)

.ARM.attributes
                0x0000000000000000       0x30
 *(.ARM.attributes)
 .ARM.attributes
                0x0000000000000000       0x1e c:/st/stm32cubeide_1.10.1/stm32cubeide/plugins/com.st.stm32cube.ide.mcu.externaltools.gnu-tools-for-stm32.10.3-2021.10.win32_1.0.0.202111181127/tools/bin/../lib/gcc/arm-none-eabi/10.3.1/thumb/v7e-m+fp/hard/crti.o
 .ARM.attributes
                0x000000000000001e       0x34 c:/st/stm32cubeide_1.10.1/stm32cubeide/plugins/com.st.stm32cube.ide.mcu.externaltools.gnu-tools-for-stm32.10.3-2021.10.win32_1.0.0.202111181127/tools/bin/../lib/gcc/arm-none-eabi/10.3.1/thumb/v7e-m+fp/hard/crtbegin.o
 .ARM.attributes
                0x0000000000000052       0x34 ./Core/Src/main.o
 .ARM.attributes
                0x0000000000000086       0x34 ./Core/Src/stm32f4xx_hal_msp.o
 .ARM.attributes
                0x00000000000000ba       0x34 ./Core/Src/stm32f4xx_hal_timebase_tim.o
 .ARM.attributes
                0x00000000000000ee       0x34 ./Core/Src/stm32f4xx_it.o
 .ARM.attributes
                0x0000000000000122       0x34 ./Core/Src/system_stm32f4xx.o
 .ARM.attributes
                0x0000000000000156       0x21 ./Core/Startup/startup_stm32f407vgtx.o
 .ARM.attributes
                0x0000000000000177       0x34 ./Drivers/STM32F4xx_HAL_Driver/Src/stm32f4xx_hal.o
 .ARM.attributes
                0x00000000000001ab       0x34 ./Drivers/STM32F4xx_HAL_Driver/Src/stm32f4xx_hal_cortex.o
 .ARM.attributes
                0x00000000000001df       0x34 ./Drivers/STM32F4xx_HAL_Driver/Src/stm32f4xx_hal_dma.o
 .ARM.attributes
                0x0000000000000213       0x34 ./Drivers/STM32F4xx_HAL_Driver/Src/stm32f4xx_hal_gpio.o
 .ARM.attributes
                0x0000000000000247       0x34 ./Drivers/STM32F4xx_HAL_Driver/Src/stm32f4xx_hal_rcc.o
 .ARM.attributes
                0x000000000000027b       0x34 ./Drivers/STM32F4xx_HAL_Driver/Src/stm32f4xx_hal_tim.o
 .ARM.attributes
                0x00000000000002af       0x34 ./Drivers/STM32F4xx_HAL_Driver/Src/stm32f4xx_hal_tim_ex.o
 .ARM.attributes
                0x00000000000002e3       0x34 ./Drivers/STM32F4xx_HAL_Driver/Src/stm32f4xx_hal_uart.o
 .ARM.attributes
                0x0000000000000317       0x34 ./ThirdParty/FreeRTOS/list.o
 .ARM.attributes
                0x000000000000034b       0x34 ./ThirdParty/FreeRTOS/queue.o
 .ARM.attributes
                0x000000000000037f       0x34 ./ThirdParty/FreeRTOS/tasks.o
 .ARM.attributes
                0x00000000000003b3       0x34 ./ThirdParty/FreeRTOS/timers.o
 .ARM.attributes
                0x00000000000003e7       0x34 ./ThirdParty/FreeRTOS/portable/GCC/ARM_CM4F/port.o
 .ARM.attributes
                0x000000000000041b       0x34 ./ThirdParty/FreeRTOS/portable/MemMang/heap_4.o
 .ARM.attributes
                0x000000000000044f       0x34 c:/st/stm32cubeide_1.10.1/stm32cubeide/plugins/com.st.stm32cube.ide.mcu.externaltools.gnu-tools-for-stm32.10.3-2021.10.win32_1.0.0.202111181127/tools/bin/../lib/gcc/arm-none-eabi/10.3.1/../../../../arm-none-eabi/lib/thumb/v7e-m+fp/hard\libc_nano.a(lib_a-init.o)
 .ARM.attributes
                0x0000000000000483       0x34 c:/st/stm32cubeide_1.10.1/stm32cubeide/plugins/com.st.stm32cube.ide.mcu.externaltools.gnu-tools-for-stm32.10.3-2021.10.win32_1.0.0.202111181127/tools/bin/../lib/gcc/arm-none-eabi/10.3.1/../../../../arm-none-eabi/lib/thumb/v7e-m+fp/hard\libc_nano.a(lib_a-memcpy-stub.o)
 .ARM.attributes
                0x00000000000004b7       0x34 c:/st/stm32cubeide_1.10.1/stm32cubeide/plugins/com.st.stm32cube.ide.mcu.externaltools.gnu-tools-for-stm32.10.3-2021.10.win32_1.0.0.202111181127/tools/bin/../lib/gcc/arm-none-eabi/10.3.1/../../../../arm-none-eabi/lib/thumb/v7e-m+fp/hard\libc_nano.a(lib_a-memset.o)
 .ARM.attributes
                0x00000000000004eb       0x1e c:/st/stm32cubeide_1.10.1/stm32cubeide/plugins/com.st.stm32cube.ide.mcu.externaltools.gnu-tools-for-stm32.10.3-2021.10.win32_1.0.0.202111181127/tools/bin/../lib/gcc/arm-none-eabi/10.3.1/thumb/v7e-m+fp/hard\libgcc.a(_aeabi_uldivmod.o)
 .ARM.attributes
                0x0000000000000509       0x34 c:/st/stm32cubeide_1.10.1/stm32cubeide/plugins/com.st.stm32cube.ide.mcu.externaltools.gnu-tools-for-stm32.10.3-2021.10.win32_1.0.0.202111181127/tools/bin/../lib/gcc/arm-none-eabi/10.3.1/thumb/v7e-m+fp/hard\libgcc.a(_udivmoddi4.o)
 .ARM.attributes
                0x000000000000053d       0x1e c:/st/stm32cubeide_1.10.1/stm32cubeide/plugins/com.st.stm32cube.ide.mcu.externaltools.gnu-tools-for-stm32.10.3-2021.10.win32_1.0.0.202111181127/tools/bin/../lib/gcc/arm-none-eabi/10.3.1/thumb/v7e-m+fp/hard\libgcc.a(_dvmd_tls.o)
 .ARM.attributes
                0x000000000000055b       0x1e c:/st/stm32cubeide_1.10.1/stm32cubeide/plugins/com.st.stm32cube.ide.mcu.externaltools.gnu-tools-for-stm32.10.3-2021.10.win32_1.0.0.202111181127/tools/bin/../lib/gcc/arm-none-eabi/10.3.1/thumb/v7e-m+fp/hard/crtn.o
OUTPUT(FreeRTOS_001.elf elf32-littlearm)
LOAD linker stubs
LOAD c:/st/stm32cubeide_1.10.1/stm32cubeide/plugins/com.st.stm32cube.ide.mcu.externaltools.gnu-tools-for-stm32.10.3-2021.10.win32_1.0.0.202111181127/tools/bin/../lib/gcc/arm-none-eabi/10.3.1/../../../../arm-none-eabi/lib/thumb/v7e-m+fp/hard\libc.a
LOAD c:/st/stm32cubeide_1.10.1/stm32cubeide/plugins/com.st.stm32cube.ide.mcu.externaltools.gnu-tools-for-stm32.10.3-2021.10.win32_1.0.0.202111181127/tools/bin/../lib/gcc/arm-none-eabi/10.3.1/../../../../arm-none-eabi/lib/thumb/v7e-m+fp/hard\libm.a
LOAD c:/st/stm32cubeide_1.10.1/stm32cubeide/plugins/com.st.stm32cube.ide.mcu.externaltools.gnu-tools-for-stm32.10.3-2021.10.win32_1.0.0.202111181127/tools/bin/../lib/gcc/arm-none-eabi/10.3.1/thumb/v7e-m+fp/hard\libgcc.a

.debug_info     0x0000000000000000    0x138e0
 .debug_info    0x0000000000000000     0x1211 ./Core/Src/main.o
 .debug_info    0x0000000000001211      0xc36 ./Core/Src/stm32f4xx_hal_msp.o
 .debug_info    0x0000000000001e47      0xc4b ./Core/Src/stm32f4xx_hal_timebase_tim.o
 .debug_info    0x0000000000002a92      0x9c0 ./Core/Src/stm32f4xx_it.o
 .debug_info    0x0000000000003452      0x523 ./Core/Src/system_stm32f4xx.o
 .debug_info    0x0000000000003975       0x22 ./Core/Startup/startup_stm32f407vgtx.o
 .debug_info    0x0000000000003997      0x97c ./Drivers/STM32F4xx_HAL_Driver/Src/stm32f4xx_hal.o
 .debug_info    0x0000000000004313      0xe1b ./Drivers/STM32F4xx_HAL_Driver/Src/stm32f4xx_hal_cortex.o
 .debug_info    0x000000000000512e      0x94f ./Drivers/STM32F4xx_HAL_Driver/Src/stm32f4xx_hal_dma.o
 .debug_info    0x0000000000005a7d      0x76a ./Drivers/STM32F4xx_HAL_Driver/Src/stm32f4xx_hal_gpio.o
 .debug_info    0x00000000000061e7      0x966 ./Drivers/STM32F4xx_HAL_Driver/Src/stm32f4xx_hal_rcc.o
 .debug_info    0x0000000000006b4d     0x2bbe ./Drivers/STM32F4xx_HAL_Driver/Src/stm32f4xx_hal_tim.o
 .debug_info    0x000000000000970b     0x15e0 ./Drivers/STM32F4xx_HAL_Driver/Src/stm32f4xx_hal_tim_ex.o
 .debug_info    0x000000000000aceb     0x31bc ./Drivers/STM32F4xx_HAL_Driver/Src/stm32f4xx_hal_uart.o
 .debug_info    0x000000000000dea7      0x2d1 ./ThirdParty/FreeRTOS/list.o
 .debug_info    0x000000000000e178     0x1926 ./ThirdParty/FreeRTOS/queue.o
 .debug_info    0x000000000000fa9e     0x25ab ./ThirdParty/FreeRTOS/tasks.o
 .debug_info    0x0000000000012049      0xe83 ./ThirdParty/FreeRTOS/timers.o
 .debug_info    0x0000000000012ecc      0x507 ./ThirdParty/FreeRTOS/portable/GCC/ARM_CM4F/port.o
 .debug_info    0x00000000000133d3      0x50d ./ThirdParty/FreeRTOS/portable/MemMang/heap_4.o

.debug_abbrev   0x0000000000000000     0x2bac
 .debug_abbrev  0x0000000000000000      0x32b ./Core/Src/main.o
 .debug_abbrev  0x000000000000032b      0x1b9 ./Core/Src/stm32f4xx_hal_msp.o
 .debug_abbrev  0x00000000000004e4      0x1e6 ./Core/Src/stm32f4xx_hal_timebase_tim.o
 .debug_abbrev  0x00000000000006ca      0x178 ./Core/Src/stm32f4xx_it.o
 .debug_abbrev  0x0000000000000842      0x116 ./Core/Src/system_stm32f4xx.o
 .debug_abbrev  0x0000000000000958       0x12 ./Core/Startup/startup_stm32f407vgtx.o
 .debug_abbrev  0x000000000000096a      0x20d ./Drivers/STM32F4xx_HAL_Driver/Src/stm32f4xx_hal.o
 .debug_abbrev  0x0000000000000b77      0x316 ./Drivers/STM32F4xx_HAL_Driver/Src/stm32f4xx_hal_cortex.o
 .debug_abbrev  0x0000000000000e8d      0x25b ./Drivers/STM32F4xx_HAL_Driver/Src/stm32f4xx_hal_dma.o
 .debug_abbrev  0x00000000000010e8      0x1c4 ./Drivers/STM32F4xx_HAL_Driver/Src/stm32f4xx_hal_gpio.o
 .debug_abbrev  0x00000000000012ac      0x2aa ./Drivers/STM32F4xx_HAL_Driver/Src/stm32f4xx_hal_rcc.o
 .debug_abbrev  0x0000000000001556      0x25d ./Drivers/STM32F4xx_HAL_Driver/Src/stm32f4xx_hal_tim.o
 .debug_abbrev  0x00000000000017b3      0x265 ./Drivers/STM32F4xx_HAL_Driver/Src/stm32f4xx_hal_tim_ex.o
 .debug_abbrev  0x0000000000001a18      0x2f4 ./Drivers/STM32F4xx_HAL_Driver/Src/stm32f4xx_hal_uart.o
 .debug_abbrev  0x0000000000001d0c       0xf2 ./ThirdParty/FreeRTOS/list.o
 .debug_abbrev  0x0000000000001dfe      0x312 ./ThirdParty/FreeRTOS/queue.o
 .debug_abbrev  0x0000000000002110      0x36c ./ThirdParty/FreeRTOS/tasks.o
 .debug_abbrev  0x000000000000247c      0x2c5 ./ThirdParty/FreeRTOS/timers.o
 .debug_abbrev  0x0000000000002741      0x259 ./ThirdParty/FreeRTOS/portable/GCC/ARM_CM4F/port.o
 .debug_abbrev  0x000000000000299a      0x212 ./ThirdParty/FreeRTOS/portable/MemMang/heap_4.o

.debug_aranges  0x0000000000000000     0x1148
 .debug_aranges
                0x0000000000000000       0x68 ./Core/Src/main.o
 .debug_aranges
                0x0000000000000068       0x30 ./Core/Src/stm32f4xx_hal_msp.o
 .debug_aranges
                0x0000000000000098       0x30 ./Core/Src/stm32f4xx_hal_timebase_tim.o
 .debug_aranges
                0x00000000000000c8       0x60 ./Core/Src/stm32f4xx_it.o
 .debug_aranges
                0x0000000000000128       0x28 ./Core/Src/system_stm32f4xx.o
 .debug_aranges
                0x0000000000000150       0x28 ./Core/Startup/startup_stm32f407vgtx.o
 .debug_aranges
                0x0000000000000178       0xf0 ./Drivers/STM32F4xx_HAL_Driver/Src/stm32f4xx_hal.o
 .debug_aranges
                0x0000000000000268      0x118 ./Drivers/STM32F4xx_HAL_Driver/Src/stm32f4xx_hal_cortex.o
 .debug_aranges
                0x0000000000000380       0x90 ./Drivers/STM32F4xx_HAL_Driver/Src/stm32f4xx_hal_dma.o
 .debug_aranges
                0x0000000000000410       0x58 ./Drivers/STM32F4xx_HAL_Driver/Src/stm32f4xx_hal_gpio.o
 .debug_aranges
                0x0000000000000468       0x88 ./Drivers/STM32F4xx_HAL_Driver/Src/stm32f4xx_hal_rcc.o
 .debug_aranges
                0x00000000000004f0      0x3d0 ./Drivers/STM32F4xx_HAL_Driver/Src/stm32f4xx_hal_tim.o
 .debug_aranges
                0x00000000000008c0      0x168 ./Drivers/STM32F4xx_HAL_Driver/Src/stm32f4xx_hal_tim_ex.o
 .debug_aranges
                0x0000000000000a28      0x200 ./Drivers/STM32F4xx_HAL_Driver/Src/stm32f4xx_hal_uart.o
 .debug_aranges
                0x0000000000000c28       0x40 ./ThirdParty/FreeRTOS/list.o
 .debug_aranges
                0x0000000000000c68      0x130 ./ThirdParty/FreeRTOS/queue.o
 .debug_aranges
                0x0000000000000d98      0x1f8 ./ThirdParty/FreeRTOS/tasks.o
 .debug_aranges
                0x0000000000000f90       0xe0 ./ThirdParty/FreeRTOS/timers.o
 .debug_aranges
                0x0000000000001070       0x80 ./ThirdParty/FreeRTOS/portable/GCC/ARM_CM4F/port.o
 .debug_aranges
                0x00000000000010f0       0x58 ./ThirdParty/FreeRTOS/portable/MemMang/heap_4.o

.debug_ranges   0x0000000000000000     0x1040
 .debug_ranges  0x0000000000000000       0x58 ./Core/Src/main.o
 .debug_ranges  0x0000000000000058       0x20 ./Core/Src/stm32f4xx_hal_msp.o
 .debug_ranges  0x0000000000000078       0x20 ./Core/Src/stm32f4xx_hal_timebase_tim.o
 .debug_ranges  0x0000000000000098       0x50 ./Core/Src/stm32f4xx_it.o
 .debug_ranges  0x00000000000000e8       0x18 ./Core/Src/system_stm32f4xx.o
 .debug_ranges  0x0000000000000100       0x20 ./Core/Startup/startup_stm32f407vgtx.o
 .debug_ranges  0x0000000000000120       0xe0 ./Drivers/STM32F4xx_HAL_Driver/Src/stm32f4xx_hal.o
 .debug_ranges  0x0000000000000200      0x108 ./Drivers/STM32F4xx_HAL_Driver/Src/stm32f4xx_hal_cortex.o
 .debug_ranges  0x0000000000000308       0x80 ./Drivers/STM32F4xx_HAL_Driver/Src/stm32f4xx_hal_dma.o
 .debug_ranges  0x0000000000000388       0x48 ./Drivers/STM32F4xx_HAL_Driver/Src/stm32f4xx_hal_gpio.o
 .debug_ranges  0x00000000000003d0       0x78 ./Drivers/STM32F4xx_HAL_Driver/Src/stm32f4xx_hal_rcc.o
 .debug_ranges  0x0000000000000448      0x3c0 ./Drivers/STM32F4xx_HAL_Driver/Src/stm32f4xx_hal_tim.o
 .debug_ranges  0x0000000000000808      0x158 ./Drivers/STM32F4xx_HAL_Driver/Src/stm32f4xx_hal_tim_ex.o
 .debug_ranges  0x0000000000000960      0x220 ./Drivers/STM32F4xx_HAL_Driver/Src/stm32f4xx_hal_uart.o
 .debug_ranges  0x0000000000000b80       0x30 ./ThirdParty/FreeRTOS/list.o
 .debug_ranges  0x0000000000000bb0      0x120 ./ThirdParty/FreeRTOS/queue.o
 .debug_ranges  0x0000000000000cd0      0x1e8 ./ThirdParty/FreeRTOS/tasks.o
 .debug_ranges  0x0000000000000eb8       0xd0 ./ThirdParty/FreeRTOS/timers.o
 .debug_ranges  0x0000000000000f88       0x70 ./ThirdParty/FreeRTOS/portable/GCC/ARM_CM4F/port.o
 .debug_ranges  0x0000000000000ff8       0x48 ./ThirdParty/FreeRTOS/portable/MemMang/heap_4.o

.debug_macro    0x0000000000000000    0x22885
 .debug_macro   0x0000000000000000      0x3a9 ./Core/Src/main.o
 .debug_macro   0x00000000000003a9      0xa78 ./Core/Src/main.o
 .debug_macro   0x0000000000000e21      0x29b ./Core/Src/main.o
 .debug_macro   0x00000000000010bc       0x2e ./Core/Src/main.o
 .debug_macro   0x00000000000010ea       0x2f ./Core/Src/main.o
 .debug_macro   0x0000000000001119       0x22 ./Core/Src/main.o
 .debug_macro   0x000000000000113b       0x8e ./Core/Src/main.o
 .debug_macro   0x00000000000011c9       0x51 ./Core/Src/main.o
 .debug_macro   0x000000000000121a      0x103 ./Core/Src/main.o
 .debug_macro   0x000000000000131d       0x6a ./Core/Src/main.o
 .debug_macro   0x0000000000001387      0x1df ./Core/Src/main.o
 .debug_macro   0x0000000000001566       0x1c ./Core/Src/main.o
 .debug_macro   0x0000000000001582       0x22 ./Core/Src/main.o
 .debug_macro   0x00000000000015a4       0xd9 ./Core/Src/main.o
 .debug_macro   0x000000000000167d     0x102d ./Core/Src/main.o
 .debug_macro   0x00000000000026aa      0x11f ./Core/Src/main.o
 .debug_macro   0x00000000000027c9    0x15e82 ./Core/Src/main.o
 .debug_macro   0x000000000001864b       0x6d ./Core/Src/main.o
 .debug_macro   0x00000000000186b8     0x367e ./Core/Src/main.o
 .debug_macro   0x000000000001bd36      0x174 ./Core/Src/main.o
 .debug_macro   0x000000000001beaa       0x5c ./Core/Src/main.o
 .debug_macro   0x000000000001bf06      0x96b ./Core/Src/main.o
 .debug_macro   0x000000000001c871      0x9fe ./Core/Src/main.o
 .debug_macro   0x000000000001d26f      0x115 ./Core/Src/main.o
 .debug_macro   0x000000000001d384      0x13e ./Core/Src/main.o
 .debug_macro   0x000000000001d4c2       0xa5 ./Core/Src/main.o
 .debug_macro   0x000000000001d567      0x174 ./Core/Src/main.o
 .debug_macro   0x000000000001d6db      0x287 ./Core/Src/main.o
 .debug_macro   0x000000000001d962       0x5f ./Core/Src/main.o
 .debug_macro   0x000000000001d9c1      0x236 ./Core/Src/main.o
 .debug_macro   0x000000000001dbf7      0x12c ./Core/Src/main.o
 .debug_macro   0x000000000001dd23      0x21e ./Core/Src/main.o
 .debug_macro   0x000000000001df41       0x2e ./Core/Src/main.o
 .debug_macro   0x000000000001df6f      0x11a ./Core/Src/main.o
 .debug_macro   0x000000000001e089       0x7e ./Core/Src/main.o
 .debug_macro   0x000000000001e107       0x89 ./Core/Src/main.o
 .debug_macro   0x000000000001e190      0x8e6 ./Core/Src/main.o
 .debug_macro   0x000000000001ea76       0x47 ./Core/Src/main.o
 .debug_macro   0x000000000001eabd      0x295 ./Core/Src/main.o
 .debug_macro   0x000000000001ed52      0x12d ./Core/Src/main.o
 .debug_macro   0x000000000001ee7f      0x190 ./Core/Src/main.o
 .debug_macro   0x000000000001f00f       0x52 ./Core/Src/main.o
 .debug_macro   0x000000000001f061       0x1e ./Core/Src/main.o
 .debug_macro   0x000000000001f07f       0x3c ./Core/Src/main.o
 .debug_macro   0x000000000001f0bb       0x34 ./Core/Src/main.o
 .debug_macro   0x000000000001f0ef       0x16 ./Core/Src/main.o
 .debug_macro   0x000000000001f105       0x35 ./Core/Src/main.o
 .debug_macro   0x000000000001f13a      0x341 ./Core/Src/main.o
 .debug_macro   0x000000000001f47b       0x10 ./Core/Src/main.o
 .debug_macro   0x000000000001f48b       0x16 ./Core/Src/main.o
 .debug_macro   0x000000000001f4a1       0x43 ./Core/Src/main.o
 .debug_macro   0x000000000001f4e4       0x34 ./Core/Src/main.o
 .debug_macro   0x000000000001f518       0x10 ./Core/Src/main.o
 .debug_macro   0x000000000001f528       0x58 ./Core/Src/main.o
 .debug_macro   0x000000000001f580       0x71 ./Core/Src/main.o
 .debug_macro   0x000000000001f5f1       0x1c ./Core/Src/main.o
 .debug_macro   0x000000000001f60d      0x12a ./Core/Src/main.o
 .debug_macro   0x000000000001f737       0x10 ./Core/Src/main.o
 .debug_macro   0x000000000001f747       0x1c ./Core/Src/main.o
 .debug_macro   0x000000000001f763       0x52 ./Core/Src/main.o
 .debug_macro   0x000000000001f7b5       0x22 ./Core/Src/main.o
 .debug_macro   0x000000000001f7d7       0x10 ./Core/Src/main.o
 .debug_macro   0x000000000001f7e7       0x52 ./Core/Src/main.o
 .debug_macro   0x000000000001f839       0xd5 ./Core/Src/main.o
 .debug_macro   0x000000000001f90e       0x1c ./Core/Src/main.o
 .debug_macro   0x000000000001f92a       0x3d ./Core/Src/main.o
 .debug_macro   0x000000000001f967       0x16 ./Core/Src/main.o
 .debug_macro   0x000000000001f97d      0x145 ./Core/Src/main.o
 .debug_macro   0x000000000001fac2      0x106 ./Core/Src/main.o
 .debug_macro   0x000000000001fbc8      0x15a ./Core/Src/main.o
 .debug_macro   0x000000000001fd22       0xea ./Core/Src/main.o
 .debug_macro   0x000000000001fe0c       0x28 ./Core/Src/main.o
 .debug_macro   0x000000000001fe34       0x1f ./Core/Src/main.o
 .debug_macro   0x000000000001fe53       0x12 ./Core/Src/main.o
 .debug_macro   0x000000000001fe65      0x50b ./Core/Src/main.o
 .debug_macro   0x0000000000020370       0xc3 ./Core/Src/main.o
 .debug_macro   0x0000000000020433      0x120 ./Core/Src/main.o
 .debug_macro   0x0000000000020553      0x1dd ./Core/Src/stm32f4xx_hal_msp.o
 .debug_macro   0x0000000000020730      0x1ce ./Core/Src/stm32f4xx_hal_timebase_tim.o
 .debug_macro   0x00000000000208fe      0x1e7 ./Core/Src/stm32f4xx_it.o
 .debug_macro   0x0000000000020ae5      0x1ce ./Core/Src/system_stm32f4xx.o
 .debug_macro   0x0000000000020cb3      0x22e ./Drivers/STM32F4xx_HAL_Driver/Src/stm32f4xx_hal.o
 .debug_macro   0x0000000000020ee1      0x1ce ./Drivers/STM32F4xx_HAL_Driver/Src/stm32f4xx_hal_cortex.o
 .debug_macro   0x00000000000210af      0x1d4 ./Drivers/STM32F4xx_HAL_Driver/Src/stm32f4xx_hal_dma.o
 .debug_macro   0x0000000000021283      0x1d4 ./Drivers/STM32F4xx_HAL_Driver/Src/stm32f4xx_hal_gpio.o
 .debug_macro   0x0000000000021457      0x1f2 ./Drivers/STM32F4xx_HAL_Driver/Src/stm32f4xx_hal_rcc.o
 .debug_macro   0x0000000000021649      0x1cf ./Drivers/STM32F4xx_HAL_Driver/Src/stm32f4xx_hal_tim.o
 .debug_macro   0x0000000000021818      0x1ce ./Drivers/STM32F4xx_HAL_Driver/Src/stm32f4xx_hal_tim_ex.o
 .debug_macro   0x00000000000219e6      0x1cf ./Drivers/STM32F4xx_HAL_Driver/Src/stm32f4xx_hal_uart.o
 .debug_macro   0x0000000000021bb5      0x198 ./ThirdParty/FreeRTOS/list.o
 .debug_macro   0x0000000000021d4d      0x221 ./ThirdParty/FreeRTOS/queue.o
 .debug_macro   0x0000000000021f6e       0x16 ./ThirdParty/FreeRTOS/queue.o
 .debug_macro   0x0000000000021f84       0x20 ./ThirdParty/FreeRTOS/queue.o
 .debug_macro   0x0000000000021fa4       0x80 ./ThirdParty/FreeRTOS/queue.o
 .debug_macro   0x0000000000022024      0x27e ./ThirdParty/FreeRTOS/tasks.o
 .debug_macro   0x00000000000222a2       0x17 ./ThirdParty/FreeRTOS/tasks.o
 .debug_macro   0x00000000000222b9      0x1e7 ./ThirdParty/FreeRTOS/timers.o
 .debug_macro   0x00000000000224a0       0x97 ./ThirdParty/FreeRTOS/timers.o
 .debug_macro   0x0000000000022537      0x19b ./ThirdParty/FreeRTOS/portable/GCC/ARM_CM4F/port.o
 .debug_macro   0x00000000000226d2      0x1b3 ./ThirdParty/FreeRTOS/portable/MemMang/heap_4.o

.debug_line     0x0000000000000000    0x13cab
 .debug_line    0x0000000000000000      0xc8a ./Core/Src/main.o
 .debug_line    0x0000000000000c8a      0x750 ./Core/Src/stm32f4xx_hal_msp.o
 .debug_line    0x00000000000013da      0x735 ./Core/Src/stm32f4xx_hal_timebase_tim.o
 .debug_line    0x0000000000001b0f      0x788 ./Core/Src/stm32f4xx_it.o
 .debug_line    0x0000000000002297      0x73d ./Core/Src/system_stm32f4xx.o
 .debug_line    0x00000000000029d4       0x88 ./Core/Startup/startup_stm32f407vgtx.o
 .debug_line    0x0000000000002a5c      0x9a3 ./Drivers/STM32F4xx_HAL_Driver/Src/stm32f4xx_hal.o
 .debug_line    0x00000000000033ff      0xc52 ./Drivers/STM32F4xx_HAL_Driver/Src/stm32f4xx_hal_cortex.o
 .debug_line    0x0000000000004051      0xf07 ./Drivers/STM32F4xx_HAL_Driver/Src/stm32f4xx_hal_dma.o
 .debug_line    0x0000000000004f58      0xb17 ./Drivers/STM32F4xx_HAL_Driver/Src/stm32f4xx_hal_gpio.o
 .debug_line    0x0000000000005a6f      0xd1f ./Drivers/STM32F4xx_HAL_Driver/Src/stm32f4xx_hal_rcc.o
 .debug_line    0x000000000000678e     0x3697 ./Drivers/STM32F4xx_HAL_Driver/Src/stm32f4xx_hal_tim.o
 .debug_line    0x0000000000009e25     0x19a0 ./Drivers/STM32F4xx_HAL_Driver/Src/stm32f4xx_hal_tim_ex.o
 .debug_line    0x000000000000b7c5     0x2a48 ./Drivers/STM32F4xx_HAL_Driver/Src/stm32f4xx_hal_uart.o
 .debug_line    0x000000000000e20d      0x77e ./ThirdParty/FreeRTOS/list.o
 .debug_line    0x000000000000e98b     0x16a7 ./ThirdParty/FreeRTOS/queue.o
 .debug_line    0x0000000000010032     0x1dc2 ./ThirdParty/FreeRTOS/tasks.o
 .debug_line    0x0000000000011df4      0xc8a ./ThirdParty/FreeRTOS/timers.o
 .debug_line    0x0000000000012a7e      0x864 ./ThirdParty/FreeRTOS/portable/GCC/ARM_CM4F/port.o
 .debug_line    0x00000000000132e2      0x9c9 ./ThirdParty/FreeRTOS/portable/MemMang/heap_4.o

.debug_str      0x0000000000000000    0xd4188
 .debug_str     0x0000000000000000    0xcd21c ./Core/Src/main.o
                                      0xcd5b7 (size before relaxing)
 .debug_str     0x00000000000cd21c      0x577 ./Core/Src/stm32f4xx_hal_msp.o
                                      0xc4819 (size before relaxing)
 .debug_str     0x00000000000cd793      0x107 ./Core/Src/stm32f4xx_hal_timebase_tim.o
                                      0xc4330 (size before relaxing)
 .debug_str     0x00000000000cd89a       0xf1 ./Core/Src/stm32f4xx_it.o
                                      0xc44e0 (size before relaxing)
 .debug_str     0x00000000000cd98b       0xdb ./Core/Src/system_stm32f4xx.o
                                      0xc3839 (size before relaxing)
 .debug_str     0x00000000000cda66       0x36 ./Core/Startup/startup_stm32f407vgtx.o
                                         0x79 (size before relaxing)
 .debug_str     0x00000000000cda9c      0x5d3 ./Drivers/STM32F4xx_HAL_Driver/Src/stm32f4xx_hal.o
                                      0xc43bd (size before relaxing)
 .debug_str     0x00000000000ce06f      0x326 ./Drivers/STM32F4xx_HAL_Driver/Src/stm32f4xx_hal_cortex.o
                                      0xc40f0 (size before relaxing)
 .debug_str     0x00000000000ce395      0x323 ./Drivers/STM32F4xx_HAL_Driver/Src/stm32f4xx_hal_dma.o
                                      0xc3c53 (size before relaxing)
 .debug_str     0x00000000000ce6b8      0x10e ./Drivers/STM32F4xx_HAL_Driver/Src/stm32f4xx_hal_gpio.o
                                      0xc39b4 (size before relaxing)
 .debug_str     0x00000000000ce7c6      0x1fd ./Drivers/STM32F4xx_HAL_Driver/Src/stm32f4xx_hal_rcc.o
                                      0xc3c6d (size before relaxing)
 .debug_str     0x00000000000ce9c3      0xe3c ./Drivers/STM32F4xx_HAL_Driver/Src/stm32f4xx_hal_tim.o
                                      0xc4bb3 (size before relaxing)
 .debug_str     0x00000000000cf7ff      0x503 ./Drivers/STM32F4xx_HAL_Driver/Src/stm32f4xx_hal_tim_ex.o
                                      0xc43cf (size before relaxing)
 .debug_str     0x00000000000cfd02      0x5ac ./Drivers/STM32F4xx_HAL_Driver/Src/stm32f4xx_hal_uart.o
                                      0xc420c (size before relaxing)
 .debug_str     0x00000000000d02ae      0x265 ./ThirdParty/FreeRTOS/list.o
                                       0xac63 (size before relaxing)
 .debug_str     0x00000000000d0513     0x11f3 ./ThirdParty/FreeRTOS/queue.o
                                       0xd0fd (size before relaxing)
 .debug_str     0x00000000000d1706     0x1ac6 ./ThirdParty/FreeRTOS/tasks.o
                                       0xdd5c (size before relaxing)
 .debug_str     0x00000000000d31cc      0x545 ./ThirdParty/FreeRTOS/timers.o
                                       0xd4c0 (size before relaxing)
 .debug_str     0x00000000000d3711      0x767 ./ThirdParty/FreeRTOS/portable/GCC/ARM_CM4F/port.o
                                       0x974f (size before relaxing)
 .debug_str     0x00000000000d3e78      0x310 ./ThirdParty/FreeRTOS/portable/MemMang/heap_4.o
                                       0xc12c (size before relaxing)

.comment        0x0000000000000000       0x50
 .comment       0x0000000000000000       0x50 ./Core/Src/main.o
                                         0x51 (size before relaxing)
 .comment       0x0000000000000050       0x51 ./Core/Src/stm32f4xx_hal_msp.o
 .comment       0x0000000000000050       0x51 ./Core/Src/stm32f4xx_hal_timebase_tim.o
 .comment       0x0000000000000050       0x51 ./Core/Src/stm32f4xx_it.o
 .comment       0x0000000000000050       0x51 ./Core/Src/system_stm32f4xx.o
 .comment       0x0000000000000050       0x51 ./Drivers/STM32F4xx_HAL_Driver/Src/stm32f4xx_hal.o
 .comment       0x0000000000000050       0x51 ./Drivers/STM32F4xx_HAL_Driver/Src/stm32f4xx_hal_cortex.o
 .comment       0x0000000000000050       0x51 ./Drivers/STM32F4xx_HAL_Driver/Src/stm32f4xx_hal_dma.o
 .comment       0x0000000000000050       0x51 ./Drivers/STM32F4xx_HAL_Driver/Src/stm32f4xx_hal_gpio.o
 .comment       0x0000000000000050       0x51 ./Drivers/STM32F4xx_HAL_Driver/Src/stm32f4xx_hal_rcc.o
 .comment       0x0000000000000050       0x51 ./Drivers/STM32F4xx_HAL_Driver/Src/stm32f4xx_hal_tim.o
 .comment       0x0000000000000050       0x51 ./Drivers/STM32F4xx_HAL_Driver/Src/stm32f4xx_hal_tim_ex.o
 .comment       0x0000000000000050       0x51 ./Drivers/STM32F4xx_HAL_Driver/Src/stm32f4xx_hal_uart.o
 .comment       0x0000000000000050       0x51 ./ThirdParty/FreeRTOS/list.o
 .comment       0x0000000000000050       0x51 ./ThirdParty/FreeRTOS/queue.o
 .comment       0x0000000000000050       0x51 ./ThirdParty/FreeRTOS/tasks.o
 .comment       0x0000000000000050       0x51 ./ThirdParty/FreeRTOS/timers.o
 .comment       0x0000000000000050       0x51 ./ThirdParty/FreeRTOS/portable/GCC/ARM_CM4F/port.o
 .comment       0x0000000000000050       0x51 ./ThirdParty/FreeRTOS/portable/MemMang/heap_4.o

.debug_frame    0x0000000000000000     0x4864
 .debug_frame   0x0000000000000000      0x15c ./Core/Src/main.o
 .debug_frame   0x000000000000015c       0x80 ./Core/Src/stm32f4xx_hal_msp.o
 .debug_frame   0x00000000000001dc       0x74 ./Core/Src/stm32f4xx_hal_timebase_tim.o
 .debug_frame   0x0000000000000250       0xfc ./Core/Src/stm32f4xx_it.o
 .debug_frame   0x000000000000034c       0x58 ./Core/Src/system_stm32f4xx.o
 .debug_frame   0x00000000000003a4      0x374 ./Drivers/STM32F4xx_HAL_Driver/Src/stm32f4xx_hal.o
 .debug_frame   0x0000000000000718      0x498 ./Drivers/STM32F4xx_HAL_Driver/Src/stm32f4xx_hal_cortex.o
 .debug_frame   0x0000000000000bb0      0x250 ./Drivers/STM32F4xx_HAL_Driver/Src/stm32f4xx_hal_dma.o
 .debug_frame   0x0000000000000e00      0x14c ./Drivers/STM32F4xx_HAL_Driver/Src/stm32f4xx_hal_gpio.o
 .debug_frame   0x0000000000000f4c      0x1f4 ./Drivers/STM32F4xx_HAL_Driver/Src/stm32f4xx_hal_rcc.o
 .debug_frame   0x0000000000001140     0x11c4 ./Drivers/STM32F4xx_HAL_Driver/Src/stm32f4xx_hal_tim.o
 .debug_frame   0x0000000000002304      0x638 ./Drivers/STM32F4xx_HAL_Driver/Src/stm32f4xx_hal_tim_ex.o
 .debug_frame   0x000000000000293c      0x92c ./Drivers/STM32F4xx_HAL_Driver/Src/stm32f4xx_hal_uart.o
 .debug_frame   0x0000000000003268       0xd8 ./ThirdParty/FreeRTOS/list.o
 .debug_frame   0x0000000000003340      0x534 ./ThirdParty/FreeRTOS/queue.o
 .debug_frame   0x0000000000003874      0x8a4 ./ThirdParty/FreeRTOS/tasks.o
 .debug_frame   0x0000000000004118      0x3a4 ./ThirdParty/FreeRTOS/timers.o
 .debug_frame   0x00000000000044bc      0x1a8 ./ThirdParty/FreeRTOS/portable/GCC/ARM_CM4F/port.o
 .debug_frame   0x0000000000004664      0x12c ./ThirdParty/FreeRTOS/portable/MemMang/heap_4.o
 .debug_frame   0x0000000000004790       0x2c c:/st/stm32cubeide_1.10.1/stm32cubeide/plugins/com.st.stm32cube.ide.mcu.externaltools.gnu-tools-for-stm32.10.3-2021.10.win32_1.0.0.202111181127/tools/bin/../lib/gcc/arm-none-eabi/10.3.1/../../../../arm-none-eabi/lib/thumb/v7e-m+fp/hard\libc_nano.a(lib_a-init.o)
 .debug_frame   0x00000000000047bc       0x28 c:/st/stm32cubeide_1.10.1/stm32cubeide/plugins/com.st.stm32cube.ide.mcu.externaltools.gnu-tools-for-stm32.10.3-2021.10.win32_1.0.0.202111181127/tools/bin/../lib/gcc/arm-none-eabi/10.3.1/../../../../arm-none-eabi/lib/thumb/v7e-m+fp/hard\libc_nano.a(lib_a-memcpy-stub.o)
 .debug_frame   0x00000000000047e4       0x20 c:/st/stm32cubeide_1.10.1/stm32cubeide/plugins/com.st.stm32cube.ide.mcu.externaltools.gnu-tools-for-stm32.10.3-2021.10.win32_1.0.0.202111181127/tools/bin/../lib/gcc/arm-none-eabi/10.3.1/../../../../arm-none-eabi/lib/thumb/v7e-m+fp/hard\libc_nano.a(lib_a-memset.o)
 .debug_frame   0x0000000000004804       0x2c c:/st/stm32cubeide_1.10.1/stm32cubeide/plugins/com.st.stm32cube.ide.mcu.externaltools.gnu-tools-for-stm32.10.3-2021.10.win32_1.0.0.202111181127/tools/bin/../lib/gcc/arm-none-eabi/10.3.1/thumb/v7e-m+fp/hard\libgcc.a(_aeabi_uldivmod.o)
 .debug_frame   0x0000000000004830       0x34 c:/st/stm32cubeide_1.10.1/stm32cubeide/plugins/com.st.stm32cube.ide.mcu.externaltools.gnu-tools-for-stm32.10.3-2021.10.win32_1.0.0.202111181127/tools/bin/../lib/gcc/arm-none-eabi/10.3.1/thumb/v7e-m+fp/hard\libgcc.a(_udivmoddi4.o)
