../Core/Src/syscalls.c:47:6:ITM_SendChar	16	static
../Core/Src/syscalls.c:74:6:initialise_monitor_handles	4	static
../Core/Src/syscalls.c:78:5:_getpid	4	static
../Core/Src/syscalls.c:83:5:_kill	16	static
../Core/Src/syscalls.c:89:6:_exit	16	static
../Core/Src/syscalls.c:95:27:_read	32	static
../Core/Src/syscalls.c:107:27:_write	32	static
../Core/Src/syscalls.c:118:5:_close	16	static
../Core/Src/syscalls.c:124:5:_fstat	16	static
../Core/Src/syscalls.c:130:5:_isatty	16	static
../Core/Src/syscalls.c:135:5:_lseek	24	static
../Core/Src/syscalls.c:140:5:_open	12	static
../Core/Src/syscalls.c:146:5:_wait	16	static
../Core/Src/syscalls.c:152:5:_unlink	16	static
../Core/Src/syscalls.c:158:5:_times	16	static
../Core/Src/syscalls.c:163:5:_stat	16	static
../Core/Src/syscalls.c:169:5:_link	16	static
../Core/Src/syscalls.c:175:5:_fork	8	static
../Core/Src/syscalls.c:181:5:_execve	24	static
